Archive member included to satisfy reference by file (symbol)

/home/n52/en.stm32cubemx（V4.19.0）/systemworkbench/plugins/fr.ac6.mcu.externaltools.arm-none.linux64_1.13.1.201703061524/tools/compiler/bin/../lib/gcc/arm-none-eabi/5.4.1/armv7e-m/fpu/libgcc.a(_arm_addsubdf3.o)
                              Src/AHRS_quat.o (__aeabi_f2d)
/home/n52/en.stm32cubemx（V4.19.0）/systemworkbench/plugins/fr.ac6.mcu.externaltools.arm-none.linux64_1.13.1.201703061524/tools/compiler/bin/../lib/gcc/arm-none-eabi/5.4.1/armv7e-m/fpu/libgcc.a(_arm_muldivdf3.o)
                              Src/AHRS_states.o (__aeabi_dmul)
/home/n52/en.stm32cubemx（V4.19.0）/systemworkbench/plugins/fr.ac6.mcu.externaltools.arm-none.linux64_1.13.1.201703061524/tools/compiler/bin/../lib/gcc/arm-none-eabi/5.4.1/armv7e-m/fpu/libgcc.a(_arm_cmpdf2.o)
                              Src/AHRS_states.o (__aeabi_dcmplt)
/home/n52/en.stm32cubemx（V4.19.0）/systemworkbench/plugins/fr.ac6.mcu.externaltools.arm-none.linux64_1.13.1.201703061524/tools/compiler/bin/../lib/gcc/arm-none-eabi/5.4.1/armv7e-m/fpu/libgcc.a(_arm_truncdfsf2.o)
                              Src/AHRS_quat.o (__aeabi_d2f)
/home/n52/en.stm32cubemx（V4.19.0）/systemworkbench/plugins/fr.ac6.mcu.externaltools.arm-none.linux64_1.13.1.201703061524/tools/compiler/bin/../lib/gcc/arm-none-eabi/5.4.1/../../../../arm-none-eabi/lib/armv7e-m/fpu/libc_nano.a(lib_a-errno.o)
                              Src/syscalls.o (__errno)
/home/n52/en.stm32cubemx（V4.19.0）/systemworkbench/plugins/fr.ac6.mcu.externaltools.arm-none.linux64_1.13.1.201703061524/tools/compiler/bin/../lib/gcc/arm-none-eabi/5.4.1/../../../../arm-none-eabi/lib/armv7e-m/fpu/libc_nano.a(lib_a-exit.o)
                              /home/n52/en.stm32cubemx（V4.19.0）/systemworkbench/plugins/fr.ac6.mcu.externaltools.arm-none.linux64_1.13.1.201703061524/tools/compiler/bin/../lib/gcc/arm-none-eabi/5.4.1/../../../../arm-none-eabi/lib/armv7e-m/fpu/crt0.o (exit)
/home/n52/en.stm32cubemx（V4.19.0）/systemworkbench/plugins/fr.ac6.mcu.externaltools.arm-none.linux64_1.13.1.201703061524/tools/compiler/bin/../lib/gcc/arm-none-eabi/5.4.1/../../../../arm-none-eabi/lib/armv7e-m/fpu/libc_nano.a(lib_a-impure.o)
                              /home/n52/en.stm32cubemx（V4.19.0）/systemworkbench/plugins/fr.ac6.mcu.externaltools.arm-none.linux64_1.13.1.201703061524/tools/compiler/bin/../lib/gcc/arm-none-eabi/5.4.1/../../../../arm-none-eabi/lib/armv7e-m/fpu/libc_nano.a(lib_a-exit.o) (_global_impure_ptr)
/home/n52/en.stm32cubemx（V4.19.0）/systemworkbench/plugins/fr.ac6.mcu.externaltools.arm-none.linux64_1.13.1.201703061524/tools/compiler/bin/../lib/gcc/arm-none-eabi/5.4.1/../../../../arm-none-eabi/lib/armv7e-m/fpu/libc_nano.a(lib_a-init.o)
                              /home/n52/en.stm32cubemx（V4.19.0）/systemworkbench/plugins/fr.ac6.mcu.externaltools.arm-none.linux64_1.13.1.201703061524/tools/compiler/bin/../lib/gcc/arm-none-eabi/5.4.1/../../../../arm-none-eabi/lib/armv7e-m/fpu/crt0.o (__libc_init_array)
/home/n52/en.stm32cubemx（V4.19.0）/systemworkbench/plugins/fr.ac6.mcu.externaltools.arm-none.linux64_1.13.1.201703061524/tools/compiler/bin/../lib/gcc/arm-none-eabi/5.4.1/../../../../arm-none-eabi/lib/armv7e-m/fpu/libc_nano.a(lib_a-memcpy-stub.o)
                              Middlewares/Third_Party/FreeRTOS/Source/queue.o (memcpy)
/home/n52/en.stm32cubemx（V4.19.0）/systemworkbench/plugins/fr.ac6.mcu.externaltools.arm-none.linux64_1.13.1.201703061524/tools/compiler/bin/../lib/gcc/arm-none-eabi/5.4.1/../../../../arm-none-eabi/lib/armv7e-m/fpu/libc_nano.a(lib_a-memset.o)
                              /home/n52/en.stm32cubemx（V4.19.0）/systemworkbench/plugins/fr.ac6.mcu.externaltools.arm-none.linux64_1.13.1.201703061524/tools/compiler/bin/../lib/gcc/arm-none-eabi/5.4.1/../../../../arm-none-eabi/lib/armv7e-m/fpu/crt0.o (memset)
/home/n52/en.stm32cubemx（V4.19.0）/systemworkbench/plugins/fr.ac6.mcu.externaltools.arm-none.linux64_1.13.1.201703061524/tools/compiler/bin/../lib/gcc/arm-none-eabi/5.4.1/../../../../arm-none-eabi/lib/armv7e-m/fpu/libc_nano.a(lib_a-nano-vfprintf_float.o)
                              (_printf_float)
/home/n52/en.stm32cubemx（V4.19.0）/systemworkbench/plugins/fr.ac6.mcu.externaltools.arm-none.linux64_1.13.1.201703061524/tools/compiler/bin/../lib/gcc/arm-none-eabi/5.4.1/../../../../arm-none-eabi/lib/armv7e-m/fpu/libc_nano.a(lib_a-nano-vfprintf_i.o)
                              /home/n52/en.stm32cubemx（V4.19.0）/systemworkbench/plugins/fr.ac6.mcu.externaltools.arm-none.linux64_1.13.1.201703061524/tools/compiler/bin/../lib/gcc/arm-none-eabi/5.4.1/../../../../arm-none-eabi/lib/armv7e-m/fpu/libc_nano.a(lib_a-nano-vfprintf_float.o) (_printf_common)
/home/n52/en.stm32cubemx（V4.19.0）/systemworkbench/plugins/fr.ac6.mcu.externaltools.arm-none.linux64_1.13.1.201703061524/tools/compiler/bin/../lib/gcc/arm-none-eabi/5.4.1/../../../../arm-none-eabi/lib/armv7e-m/fpu/libc_nano.a(lib_a-printf.o)
                              Src/led.o (printf)
[...]
Memory Configuration

Name             Origin             Length             Attributes
RAM              0x20000000         0x00020000         xrw
CCMRAM           0x10000000         0x00010000         rw
FLASH            0x08000000         0x00100000         xr
*default*        0x00000000         0xffffffff

Linker script and memory map

LOAD /home/n52/en.stm32cubemx（V4.19.0）/systemworkbench/plugins/fr.ac6.mcu.externaltools.arm-none.linux64_1.13.1.201703061524/tools/compiler/bin/../lib/gcc/arm-none-eabi/5.4.1/armv7e-m/fpu/crti.o
LOAD /home/n52/en.stm32cubemx（V4.19.0）/systemworkbench/plugins/fr.ac6.mcu.externaltools.arm-none.linux64_1.13.1.201703061524/tools/compiler/bin/../lib/gcc/arm-none-eabi/5.4.1/armv7e-m/fpu/crtbegin.o
LOAD /home/n52/en.stm32cubemx（V4.19.0）/systemworkbench/plugins/fr.ac6.mcu.externaltools.arm-none.linux64_1.13.1.201703061524/tools/compiler/bin/../lib/gcc/arm-none-eabi/5.4.1/../../../../arm-none-eabi/lib/armv7e-m/fpu/crt0.o
LOAD /home/n52/en.stm32cubemx（V4.19.0）/systemworkbench/plugins/fr.ac6.mcu.externaltools.arm-none.linux64_1.13.1.201703061524/tools/compiler/bin/../lib/gcc/arm-none-eabi/5.4.1/../../../../arm-none-eabi/lib/armv7e-m/fpu/libm.a
LOAD Drivers/STM32F4xx_HAL_Driver/Src/stm32f4xx_hal.o
LOAD Drivers/STM32F4xx_HAL_Driver/Src/stm32f4xx_hal_cortex.o
LOAD Drivers/STM32F4xx_HAL_Driver/Src/stm32f4xx_hal_dma.o
LOAD Drivers/STM32F4xx_HAL_Driver/Src/stm32f4xx_hal_dma_ex.o
LOAD Drivers/STM32F4xx_HAL_Driver/Src/stm32f4xx_hal_flash.o
LOAD Drivers/STM32F4xx_HAL_Driver/Src/stm32f4xx_hal_flash_ex.o
LOAD Drivers/STM32F4xx_HAL_Driver/Src/stm32f4xx_hal_flash_ramfunc.o
LOAD Drivers/STM32F4xx_HAL_Driver/Src/stm32f4xx_hal_gpio.o
LOAD Drivers/STM32F4xx_HAL_Driver/Src/stm32f4xx_hal_pwr.o
LOAD Drivers/STM32F4xx_HAL_Driver/Src/stm32f4xx_hal_pwr_ex.o
LOAD Drivers/STM32F4xx_HAL_Driver/Src/stm32f4xx_hal_rcc.o
LOAD Drivers/STM32F4xx_HAL_Driver/Src/stm32f4xx_hal_rcc_ex.o
LOAD Drivers/STM32F4xx_HAL_Driver/Src/stm32f4xx_hal_spi.o
LOAD Drivers/STM32F4xx_HAL_Driver/Src/stm32f4xx_hal_tim.o
LOAD Drivers/STM32F4xx_HAL_Driver/Src/stm32f4xx_hal_tim_ex.o
LOAD Drivers/STM32F4xx_HAL_Driver/Src/stm32f4xx_hal_uart.o
LOAD Middlewares/Third_Party/FreeRTOS/Source/CMSIS_RTOS/cmsis_os.o
LOAD Middlewares/Third_Party/FreeRTOS/Source/croutine.o
LOAD Middlewares/Third_Party/FreeRTOS/Source/event_groups.o
LOAD Middlewares/Third_Party/FreeRTOS/Source/list.o
LOAD Middlewares/Third_Party/FreeRTOS/Source/queue.o
LOAD Middlewares/Third_Party/FreeRTOS/Source/tasks.o
LOAD Middlewares/Third_Party/FreeRTOS/Source/timers.o
LOAD Middlewares/Third_Party/FreeRTOS/Source/portable/GCC/ARM_CM4F/port.o
LOAD Middlewares/Third_Party/FreeRTOS/Source/portable/MemMang/heap_4.o
LOAD Src/AHRS_matrix.o
LOAD Src/AHRS_quat.o
LOAD Src/AHRS_states.o
LOAD Src/IMU.o
LOAD Src/delay.o
LOAD Src/freertos.o
LOAD Src/gpio.o
LOAD Src/led.o
LOAD Src/main.o
LOAD Src/math_nb.o
LOAD Src/mpu6500.o
LOAD Src/pid.o
LOAD Src/send_data.o
LOAD Src/spi.o
LOAD Src/stm32f4xx_hal_msp.o
LOAD Src/stm32f4xx_it.o
LOAD Src/sys.o
LOAD Src/syscalls.o
LOAD Src/system_stm32f4xx.o
LOAD Src/tim.o
LOAD Src/usart.o
LOAD Src/utask.o
LOAD startup/startup_stm32f407xx.o
START GROUP
LOAD /home/n52/en.stm32cubemx（V4.19.0）/systemworkbench/plugins/fr.ac6.mcu.externaltools.arm-none.linux64_1.13.1.201703061524/tools/compiler/bin/../lib/gcc/arm-none-eabi/5.4.1/armv7e-m/fpu/libgcc.a
LOAD /home/n52/en.stm32cubemx（V4.19.0）/systemworkbench/plugins/fr.ac6.mcu.externaltools.arm-none.linux64_1.13.1.201703061524/tools/compiler/bin/../lib/gcc/arm-none-eabi/5.4.1/../../../../arm-none-eabi/lib/armv7e-m/fpu/libc_nano.a
END GROUP
START GROUP
LOAD /home/n52/en.stm32cubemx（V4.19.0）/systemworkbench/plugins/fr.ac6.mcu.externaltools.arm-none.linux64_1.13.1.201703061524/tools/compiler/bin/../lib/gcc/arm-none-eabi/5.4.1/armv7e-m/fpu/libgcc.a
LOAD /home/n52/en.stm32cubemx（V4.19.0）/systemworkbench/plugins/fr.ac6.mcu.externaltools.arm-none.linux64_1.13.1.201703061524/tools/compiler/bin/../lib/gcc/arm-none-eabi/5.4.1/../../../../arm-none-eabi/lib/armv7e-m/fpu/libc_nano.a
LOAD /home/n52/en.stm32cubemx（V4.19.0）/systemworkbench/plugins/fr.ac6.mcu.externaltools.arm-none.linux64_1.13.1.201703061524/tools/compiler/bin/../lib/gcc/arm-none-eabi/5.4.1/../../../../arm-none-eabi/lib/armv7e-m/fpu/libnosys.a
END GROUP
START GROUP
LOAD /home/n52/en.stm32cubemx（V4.19.0）/systemworkbench/plugins/fr.ac6.mcu.externaltools.arm-none.linux64_1.13.1.201703061524/tools/compiler/bin/../lib/gcc/arm-none-eabi/5.4.1/armv7e-m/fpu/libgcc.a
LOAD /home/n52/en.stm32cubemx（V4.19.0）/systemworkbench/plugins/fr.ac6.mcu.externaltools.arm-none.linux64_1.13.1.201703061524/tools/compiler/bin/../lib/gcc/arm-none-eabi/5.4.1/../../../../arm-none-eabi/lib/armv7e-m/fpu/libc_nano.a
LOAD /home/n52/en.stm32cubemx（V4.19.0）/systemworkbench/plugins/fr.ac6.mcu.externaltools.arm-none.linux64_1.13.1.201703061524/tools/compiler/bin/../lib/gcc/arm-none-eabi/5.4.1/../../../../arm-none-eabi/lib/armv7e-m/fpu/libnosys.a
END GROUP
LOAD /home/n52/en.stm32cubemx（V4.19.0）/systemworkbench/plugins/fr.ac6.mcu.externaltools.arm-none.linux64_1.13.1.201703061524/tools/compiler/bin/../lib/gcc/arm-none-eabi/5.4.1/armv7e-m/fpu/crtend.o
LOAD /home/n52/en.stm32cubemx（V4.19.0）/systemworkbench/plugins/fr.ac6.mcu.externaltools.arm-none.linux64_1.13.1.201703061524/tools/compiler/bin/../lib/gcc/arm-none-eabi/5.4.1/armv7e-m/fpu/crtn.o
                0x20020000                _estack = 0x20020000
                0x00000200                _Min_Heap_Size = 0x200
                0x00000400                _Min_Stack_Size = 0x400

.isr_vector     0x08000000      0x188
                0x08000000                . = ALIGN (0x4)
 *(.isr_vector)
 .isr_vector    0x08000000      0x188 startup/startup_stm32f407xx.o
                0x08000000                g_pfnVectors
                0x08000188                . = ALIGN (0x4)

.text           0x08000190     0x9398
                0x08000190                . = ALIGN (0x4)
 *(.text)
 .text          0x08000190       0x5c /home/n52/en.stm32cubemx（V4.19.0）/systemworkbench/plugins/fr.ac6.mcu.externaltools.arm-none.linux64_1.13.1.201703061524/tools/compiler/bin/../lib/gcc/arm-none-eabi/5.4.1/armv7e-m/fpu/crtbegin.o
 .text          0x080001ec      0x370 /home/n52/en.stm32cubemx（V4.19.0）/systemworkbench/plugins/fr.ac6.mcu.externaltools.arm-none.linux64_1.13.1.201703061524/tools/compiler/bin/../lib/gcc/arm-none-eabi/5.4.1/armv7e-m/fpu/libgcc.a(_arm_addsubdf3.o)
                0x080001ec                __aeabi_drsub
                0x080001f4                __aeabi_dsub
                0x080001f4                __subdf3
                0x080001f8                __adddf3
                0x080001f8                __aeabi_dadd
                0x08000470                __aeabi_ui2d
                0x08000470                __floatunsidf
                0x08000490                __floatsidf
                0x08000490                __aeabi_i2d
                0x080004b4                __extendsfdf2
                0x080004b4                __aeabi_f2d
                0x080004f0                __aeabi_ul2d
                0x080004f0                __floatundidf
                0x08000500                __floatdidf
                0x08000500                __aeabi_l2d
 .text          0x0800055c      0x424 /home/n52/en.stm32cubemx（V4.19.0）/systemworkbench/plugins/fr.ac6.mcu.externaltools.arm-none.linux64_1.13.1.201703061524/tools/compiler/bin/../lib/gcc/arm-none-eabi/5.4.1/armv7e-m/fpu/libgcc.a(_arm_muldivdf3.o)
                0x0800055c                __aeabi_dmul
                0x0800055c                __muldf3
                0x080007b0                __aeabi_ddiv
                0x080007b0                __divdf3
 .text          0x08000980      0x110 /home/n52/en.stm32cubemx（V4.19.0）/systemworkbench/plugins/fr.ac6.mcu.externaltools.arm-none.linux64_1.13.1.201703061524/tools/compiler/bin/../lib/gcc/arm-none-eabi/5.4.1/armv7e-m/fpu/libgcc.a(_arm_cmpdf2.o)
                0x08000980                __gtdf2
                0x08000980                __gedf2
                0x08000988                __ltdf2
                0x08000988                __ledf2
                0x08000990                __cmpdf2
                0x08000990                __eqdf2
                0x08000990                __nedf2
                0x08000a0c                __aeabi_cdrcmple
                0x08000a1c                __aeabi_cdcmple
                0x08000a1c                __aeabi_cdcmpeq
                0x08000a2c                __aeabi_dcmpeq
                0x08000a40                __aeabi_dcmplt
                0x08000a54                __aeabi_dcmple
                0x08000a68                __aeabi_dcmpge
                0x08000a7c                __aeabi_dcmpgt
 .text          0x08000a90       0xa0 /home/n52/en.stm32cubemx（V4.19.0）/systemworkbench/plugins/fr.ac6.mcu.externaltools.arm-none.linux64_1.13.1.201703061524/tools/compiler/bin/../lib/gcc/arm-none-eabi/5.4.1/armv7e-m/fpu/libgcc.a(_arm_truncdfsf2.o)
                0x08000a90                __aeabi_d2f
                0x08000a90                __truncdfsf2
 .text          0x08000b30       0x10 /home/n52/en.stm32cubemx（V4.19.0）/systemworkbench/plugins/fr.ac6.mcu.externaltools.arm-none.linux64_1.13.1.201703061524/tools/compiler/bin/../lib/gcc/arm-none-eabi/5.4.1/../../../../arm-none-eabi/lib/armv7e-m/fpu/libc_nano.a(lib_a-strlen.o)
                0x08000b30                strlen
 .text          0x08000b40       0xa0 /home/n52/en.stm32cubemx（V4.19.0）/systemworkbench/plugins/fr.ac6.mcu.externaltools.arm-none.linux64_1.13.1.201703061524/tools/compiler/bin/../lib/gcc/arm-none-eabi/5.4.1/../../../../arm-none-eabi/lib/armv7e-m/fpu/libc_nano.a(lib_a-memchr.o)
                0x08000b40                memchr
 .text          0x08000be0       0x2c /home/n52/en.stm32cubemx（V4.19.0）/systemworkbench/plugins/fr.ac6.mcu.externaltools.arm-none.linux64_1.13.1.201703061524/tools/compiler/bin/../lib/gcc/arm-none-eabi/5.4.1/armv7e-m/fpu/libgcc.a(_arm_unorddf2.o)
                0x08000be0                __aeabi_dcmpun
                0x08000be0                __unorddf2
 .text          0x08000c0c       0x50 /home/n52/en.stm32cubemx（V4.19.0）/systemworkbench/plugins/fr.ac6.mcu.externaltools.arm-none.linux64_1.13.1.201703061524/tools/compiler/bin/../lib/gcc/arm-none-eabi/5.4.1/armv7e-m/fpu/libgcc.a(_arm_fixdfsi.o)
                0x08000c0c                __fixdfsi
                0x08000c0c                __aeabi_d2iz
 *(.text*)
 .text.HAL_InitTick
                0x08000c5c       0x28 Drivers/STM32F4xx_HAL_Driver/Src/stm32f4xx_hal.o
                0x08000c5c                HAL_InitTick
 .text.HAL_Init
                0x08000c84       0x34 Drivers/STM32F4xx_HAL_Driver/Src/stm32f4xx_hal.o
                0x08000c84                HAL_Init
 .text.HAL_IncTick
                0x08000cb8       0x10 Drivers/STM32F4xx_HAL_Driver/Src/stm32f4xx_hal.o
                0x08000cb8                HAL_IncTick
 .text.HAL_GetTick
                0x08000cc8        0xc Drivers/STM32F4xx_HAL_Driver/Src/stm32f4xx_hal.o
                0x08000cc8                HAL_GetTick
 .text.HAL_NVIC_SetPriorityGrouping
                0x08000cd4       0x24 Drivers/STM32F4xx_HAL_Driver/Src/stm32f4xx_hal_cortex.o
                0x08000cd4                HAL_NVIC_SetPriorityGrouping
 .text.HAL_NVIC_SetPriority
                0x08000cf8       0x68 Drivers/STM32F4xx_HAL_Driver/Src/stm32f4xx_hal_cortex.o
                0x08000cf8                HAL_NVIC_SetPriority
 .text.HAL_NVIC_EnableIRQ
                0x08000d60       0x18 Drivers/STM32F4xx_HAL_Driver/Src/stm32f4xx_hal_cortex.o
                0x08000d60                HAL_NVIC_EnableIRQ
 .text.HAL_SYSTICK_Config
                0x08000d78       0x2c Drivers/STM32F4xx_HAL_Driver/Src/stm32f4xx_hal_cortex.o
                0x08000d78                HAL_SYSTICK_Config
 .text.HAL_SYSTICK_CLKSourceConfig
                0x08000da4       0x18 Drivers/STM32F4xx_HAL_Driver/Src/stm32f4xx_hal_cortex.o
                0x08000da4                HAL_SYSTICK_CLKSourceConfig
 .text.HAL_DMA_Abort_IT
                0x08000dbc       0x24 Drivers/STM32F4xx_HAL_Driver/Src/stm32f4xx_hal_dma.o
                0x08000dbc                HAL_DMA_Abort_IT
 .text.HAL_GPIO_Init
                0x08000de0      0x1c0 Drivers/STM32F4xx_HAL_Driver/Src/stm32f4xx_hal_gpio.o
                0x08000de0                HAL_GPIO_Init
 .text.HAL_GPIO_WritePin
                0x08000fa0        0x8 Drivers/STM32F4xx_HAL_Driver/Src/stm32f4xx_hal_gpio.o
                0x08000fa0                HAL_GPIO_WritePin
 .text.HAL_RCC_OscConfig
                0x08000fa8      0x31c Drivers/STM32F4xx_HAL_Driver/Src/stm32f4xx_hal_rcc.o
                0x08000fa8                HAL_RCC_OscConfig
 .text.HAL_RCC_GetSysClockFreq
                0x080012c4       0x7c Drivers/STM32F4xx_HAL_Driver/Src/stm32f4xx_hal_rcc.o
                0x080012c4                HAL_RCC_GetSysClockFreq
 .text.HAL_RCC_ClockConfig
                0x08001340      0x168 Drivers/STM32F4xx_HAL_Driver/Src/stm32f4xx_hal_rcc.o
                0x08001340                HAL_RCC_ClockConfig
 .text.HAL_RCC_GetHCLKFreq
                0x080014a8        0xc Drivers/STM32F4xx_HAL_Driver/Src/stm32f4xx_hal_rcc.o
                0x080014a8                HAL_RCC_GetHCLKFreq
 .text.HAL_RCC_GetPCLK1Freq
                0x080014b4       0x30 Drivers/STM32F4xx_HAL_Driver/Src/stm32f4xx_hal_rcc.o
                0x080014b4                HAL_RCC_GetPCLK1Freq
 .text.HAL_RCC_GetPCLK2Freq
                0x080014e4       0x30 Drivers/STM32F4xx_HAL_Driver/Src/stm32f4xx_hal_rcc.o
                0x080014e4                HAL_RCC_GetPCLK2Freq
 .text.HAL_SPI_Init
                0x08001514       0x7a Drivers/STM32F4xx_HAL_Driver/Src/stm32f4xx_hal_spi.o
                0x08001514                HAL_SPI_Init
 *fill*         0x0800158e        0x2 
 .text.TIM_OC1_SetConfig
                0x08001590       0x58 Drivers/STM32F4xx_HAL_Driver/Src/stm32f4xx_hal_tim.o
 .text.TIM_OC3_SetConfig
                0x080015e8       0x60 Drivers/STM32F4xx_HAL_Driver/Src/stm32f4xx_hal_tim.o
 .text.TIM_OC4_SetConfig
                0x08001648       0x50 Drivers/STM32F4xx_HAL_Driver/Src/stm32f4xx_hal_tim.o
 .text.HAL_TIM_Base_Start_IT
                0x08001698       0x16 Drivers/STM32F4xx_HAL_Driver/Src/stm32f4xx_hal_tim.o
                0x08001698                HAL_TIM_Base_Start_IT
 .text.HAL_TIM_ConfigClockSource
                0x080016ae      0x174 Drivers/STM32F4xx_HAL_Driver/Src/stm32f4xx_hal_tim.o
                0x080016ae                HAL_TIM_ConfigClockSource
 *fill*         0x08001822        0x2 
 .text.TIM_Base_SetConfig
                0x08001824       0xc8 Drivers/STM32F4xx_HAL_Driver/Src/stm32f4xx_hal_tim.o
                0x08001824                TIM_Base_SetConfig
 .text.HAL_TIM_Base_Init
                0x080018ec       0x34 Drivers/STM32F4xx_HAL_Driver/Src/stm32f4xx_hal_tim.o
                0x080018ec                HAL_TIM_Base_Init
 .text.HAL_TIM_PWM_Init
                0x08001920       0x34 Drivers/STM32F4xx_HAL_Driver/Src/stm32f4xx_hal_tim.o
                0x08001920                HAL_TIM_PWM_Init
 .text.TIM_OC2_SetConfig
                0x08001954       0x64 Drivers/STM32F4xx_HAL_Driver/Src/stm32f4xx_hal_tim.o
                0x08001954                TIM_OC2_SetConfig
 .text.HAL_TIM_PWM_ConfigChannel
                0x080019b8       0xc6 Drivers/STM32F4xx_HAL_Driver/Src/stm32f4xx_hal_tim.o
                0x080019b8                HAL_TIM_PWM_ConfigChannel
 .text.TIM_CCxChannelCmd
                0x08001a7e       0x1a Drivers/STM32F4xx_HAL_Driver/Src/stm32f4xx_hal_tim.o
                0x08001a7e                TIM_CCxChannelCmd
 .text.HAL_TIM_PWM_Start
                0x08001a98       0x34 Drivers/STM32F4xx_HAL_Driver/Src/stm32f4xx_hal_tim.o
                0x08001a98                HAL_TIM_PWM_Start
 .text.HAL_TIMEx_MasterConfigSynchronization
                0x08001acc       0x44 Drivers/STM32F4xx_HAL_Driver/Src/stm32f4xx_hal_tim_ex.o
                0x08001acc                HAL_TIMEx_MasterConfigSynchronization
 .text.UART_EndRxTransfer
                0x08001b10       0x1a Drivers/STM32F4xx_HAL_Driver/Src/stm32f4xx_hal_uart.o
 *fill*         0x08001b2a        0x2 
 .text.UART_SetConfig
                0x08001b2c      0x23c Drivers/STM32F4xx_HAL_Driver/Src/stm32f4xx_hal_uart.o
 .text.UART_WaitOnFlagUntilTimeout.constprop.3
                0x08001d68       0x50 Drivers/STM32F4xx_HAL_Driver/Src/stm32f4xx_hal_uart.o
 .text.HAL_UART_Init
                0x08001db8       0x5c Drivers/STM32F4xx_HAL_Driver/Src/stm32f4xx_hal_uart.o
                0x08001db8                HAL_UART_Init
 .text.HAL_UART_Transmit
                0x08001e14       0xbc Drivers/STM32F4xx_HAL_Driver/Src/stm32f4xx_hal_uart.o
                0x08001e14                HAL_UART_Transmit
 .text.HAL_UART_Receive_IT
                0x08001ed0       0x46 Drivers/STM32F4xx_HAL_Driver/Src/stm32f4xx_hal_uart.o
                0x08001ed0                HAL_UART_Receive_IT
 .text.HAL_UART_TxCpltCallback
                0x08001f16        0x2 Drivers/STM32F4xx_HAL_Driver/Src/stm32f4xx_hal_uart.o
                0x08001f16                HAL_UART_TxCpltCallback
 .text.UART_Receive_IT
                0x08001f18       0x78 Drivers/STM32F4xx_HAL_Driver/Src/stm32f4xx_hal_uart.o
 .text.HAL_UART_ErrorCallback
                0x08001f90        0x2 Drivers/STM32F4xx_HAL_Driver/Src/stm32f4xx_hal_uart.o
                0x08001f90                HAL_UART_ErrorCallback
 *fill*         0x08001f92        0x2 
 .text.HAL_UART_IRQHandler
                0x08001f94      0x140 Drivers/STM32F4xx_HAL_Driver/Src/stm32f4xx_hal_uart.o
                0x08001f94                HAL_UART_IRQHandler
 .text.UART_DMAAbortOnError
                0x080020d4       0x10 Drivers/STM32F4xx_HAL_Driver/Src/stm32f4xx_hal_uart.o
 .text.osKernelStart
                0x080020e4        0xa Middlewares/Third_Party/FreeRTOS/Source/CMSIS_RTOS/cmsis_os.o
                0x080020e4                osKernelStart
 .text.osThreadCreate
                0x080020ee       0x38 Middlewares/Third_Party/FreeRTOS/Source/CMSIS_RTOS/cmsis_os.o
                0x080020ee                osThreadCreate
 .text.osDelay  0x08002126       0x10 Middlewares/Third_Party/FreeRTOS/Source/CMSIS_RTOS/cmsis_os.o
                0x08002126                osDelay
 .text.osSystickHandler
                0x08002136       0x14 Middlewares/Third_Party/FreeRTOS/Source/CMSIS_RTOS/cmsis_os.o
                0x08002136                osSystickHandler
 .text.vListInitialise
                0x0800214a       0x16 Middlewares/Third_Party/FreeRTOS/Source/list.o
                0x0800214a                vListInitialise
 .text.vListInitialiseItem
                0x08002160        0x6 Middlewares/Third_Party/FreeRTOS/Source/list.o
                0x08002160                vListInitialiseItem
 .text.vListInsertEnd
                0x08002166       0x18 Middlewares/Third_Party/FreeRTOS/Source/list.o
                0x08002166                vListInsertEnd
 .text.vListInsert
                0x0800217e       0x30 Middlewares/Third_Party/FreeRTOS/Source/list.o
                0x0800217e                vListInsert
 .text.uxListRemove
                0x080021ae       0x20 Middlewares/Third_Party/FreeRTOS/Source/list.o
                0x080021ae                uxListRemove
 *fill*         0x080021ce        0x2 
 .text.prvResetNextTaskUnblockTime
                0x080021d0       0x20 Middlewares/Third_Party/FreeRTOS/Source/tasks.o
 .text.prvAddCurrentTaskToDelayedList
                0x080021f0       0x38 Middlewares/Third_Party/FreeRTOS/Source/tasks.o
 .text.xTaskGenericCreate.part.5
                0x08002228      0x1a0 Middlewares/Third_Party/FreeRTOS/Source/tasks.o
 .text.xTaskGenericCreate
                0x080023c8       0x3c Middlewares/Third_Party/FreeRTOS/Source/tasks.o
                0x080023c8                xTaskGenericCreate
 .text.vTaskStartScheduler
                0x08002404       0x68 Middlewares/Third_Party/FreeRTOS/Source/tasks.o
                0x08002404                vTaskStartScheduler
 .text.vTaskSuspendAll
                0x0800246c       0x14 Middlewares/Third_Party/FreeRTOS/Source/tasks.o
                0x0800246c                vTaskSuspendAll
 .text.xTaskIncrementTick
                0x08002480       0xf4 Middlewares/Third_Party/FreeRTOS/Source/tasks.o
                0x08002480                xTaskIncrementTick
 .text.xTaskResumeAll
                0x08002574       0xe8 Middlewares/Third_Party/FreeRTOS/Source/tasks.o
                0x08002574                xTaskResumeAll
 .text.vTaskDelay
                0x0800265c       0x70 Middlewares/Third_Party/FreeRTOS/Source/tasks.o
                0x0800265c                vTaskDelay
 .text.prvIdleTask
                0x080026cc       0x70 Middlewares/Third_Party/FreeRTOS/Source/tasks.o
 .text.vTaskSwitchContext
                0x0800273c       0x68 Middlewares/Third_Party/FreeRTOS/Source/tasks.o
                0x0800273c                vTaskSwitchContext
 .text.xTaskGetSchedulerState
                0x080027a4       0x20 Middlewares/Third_Party/FreeRTOS/Source/tasks.o
                0x080027a4                xTaskGetSchedulerState
 .text.prvTaskExitError
                0x080027c4       0x30 Middlewares/Third_Party/FreeRTOS/Source/portable/GCC/ARM_CM4F/port.o
 .text.prvPortStartFirstTask
                0x080027f4       0x20 Middlewares/Third_Party/FreeRTOS/Source/portable/GCC/ARM_CM4F/port.o
 .text.vPortEnableVFP
                0x08002814       0x14 Middlewares/Third_Party/FreeRTOS/Source/portable/GCC/ARM_CM4F/port.o
 .text.pxPortInitialiseStack
                0x08002828       0x24 Middlewares/Third_Party/FreeRTOS/Source/portable/GCC/ARM_CM4F/port.o
                0x08002828                pxPortInitialiseStack
 .text.SVC_Handler
                0x0800284c       0x20 Middlewares/Third_Party/FreeRTOS/Source/portable/GCC/ARM_CM4F/port.o
                0x0800284c                SVC_Handler
 .text.vPortEnterCritical
                0x0800286c       0x44 Middlewares/Third_Party/FreeRTOS/Source/portable/GCC/ARM_CM4F/port.o
                0x0800286c                vPortEnterCritical
 .text.vPortExitCritical
                0x080028b0       0x28 Middlewares/Third_Party/FreeRTOS/Source/portable/GCC/ARM_CM4F/port.o
                0x080028b0                vPortExitCritical
 .text.PendSV_Handler
                0x080028d8       0x60 Middlewares/Third_Party/FreeRTOS/Source/portable/GCC/ARM_CM4F/port.o
                0x080028d8                PendSV_Handler
 .text.xPortSysTickHandler
                0x08002938       0x30 Middlewares/Third_Party/FreeRTOS/Source/portable/GCC/ARM_CM4F/port.o
                0x08002938                xPortSysTickHandler
 .text.vPortSetupTimerInterrupt
                0x08002968       0x28 Middlewares/Third_Party/FreeRTOS/Source/portable/GCC/ARM_CM4F/port.o
                0x08002968                vPortSetupTimerInterrupt
 .text.xPortStartScheduler
                0x08002990       0xe4 Middlewares/Third_Party/FreeRTOS/Source/portable/GCC/ARM_CM4F/port.o
                0x08002990                xPortStartScheduler
 .text.unlikely.prvInsertBlockIntoFreeList
                0x08002a74       0x44 Middlewares/Third_Party/FreeRTOS/Source/portable/MemMang/heap_4.o
 .text.pvPortMalloc
                0x08002ab8      0x120 Middlewares/Third_Party/FreeRTOS/Source/portable/MemMang/heap_4.o
                0x08002ab8                pvPortMalloc
 .text.vPortFree
                0x08002bd8       0x70 Middlewares/Third_Party/FreeRTOS/Source/portable/MemMang/heap_4.o
                0x08002bd8                vPortFree
 .text.mat_add  0x08002c48       0x82 Src/AHRS_matrix.o
                0x08002c48                mat_add
 *fill*         0x08002cca        0x2 
 .text.mat_mult
                0x08002ccc       0x9c Src/AHRS_matrix.o
                0x08002ccc                mat_mult
 .text.mat_scalar_mult
                0x08002d68       0x40 Src/AHRS_matrix.o
                0x08002d68                mat_scalar_mult
 .text.mat_transpose
                0x08002da8       0x66 Src/AHRS_matrix.o
                0x08002da8                mat_transpose
 .text.mat_create_identity
                0x08002e0e       0x36 Src/AHRS_matrix.o
                0x08002e0e                mat_create_identity
 .text.mat_zero
                0x08002e44       0x2a Src/AHRS_matrix.o
                0x08002e44                mat_zero
 .text.quat_mult
                0x08002e6e       0x7c Src/AHRS_quat.o
                0x08002e6e                quat_mult
 .text.quat_norm
                0x08002eea       0x74 Src/AHRS_quat.o
                0x08002eea                quat_norm
 .text.quat_add
                0x08002f5e       0x44 Src/AHRS_quat.o
                0x08002f5e                quat_add
 .text.quat_scalar_mult
                0x08002fa2       0x34 Src/AHRS_quat.o
                0x08002fa2                quat_scalar_mult
 *fill*         0x08002fd6        0x2 
 .text.EKF_Init
                0x08002fd8       0x64 Src/AHRS_states.o
                0x08002fd8                EKF_Init
 *fill*         0x0800303c        0x4 
 .text.EKF_Predict
                0x08003040      0x198 Src/AHRS_states.o
                0x08003040                EKF_Predict
 .text.EKF_Correction
                0x080031d8       0xf4 Src/AHRS_states.o
                0x080031d8                EKF_Correction
 *fill*         0x080032cc        0x4 
 .text.EKF_Update
                0x080032d0      0x3e4 Src/AHRS_states.o
                0x080032d0                EKF_Update
 .text.EKF_EstimateStates
                0x080036b4       0x16 Src/AHRS_states.o
                0x080036b4                EKF_EstimateStates
 *fill*         0x080036ca        0x6 
 .text.compute_euler_angles
                0x080036d0      0x124 Src/AHRS_states.o
                0x080036d0                compute_euler_angles
 .text.unroll_states
                0x080037f4       0xb4 Src/AHRS_states.o
                0x080037f4                unroll_states
 .text.IMU_init
                0x080038a8       0x18 Src/IMU.o
                0x080038a8                IMU_init
 .text.Get_New_Sensor_Data
                0x080038c0       0x80 Src/IMU.o
                0x080038c0                Get_New_Sensor_Data
 .text.EKF_process
                0x08003940       0x28 Src/IMU.o
                0x08003940                EKF_process
 .text.delay_init
                0x08003968       0x38 Src/delay.o
                0x08003968                delay_init
 .text.delay_us
                0x080039a0       0x30 Src/delay.o
                0x080039a0                delay_us
 .text.delay_ms
                0x080039d0       0x3c Src/delay.o
                0x080039d0                delay_ms
 .text.StartDefaultTask
                0x08003a0c        0xa Src/freertos.o
                0x08003a0c                StartDefaultTask
 .text.FastTask
                0x08003a16        0xe Src/freertos.o
                0x08003a16                FastTask
 .text.SlowTask
                0x08003a24        0xe Src/freertos.o
                0x08003a24                SlowTask
 .text.SuperTask
                0x08003a32        0xe Src/freertos.o
                0x08003a32                SuperTask
 .text.MX_FREERTOS_Init
                0x08003a40       0x84 Src/freertos.o
                0x08003a40                MX_FREERTOS_Init
 .text.MX_GPIO_Init
                0x08003ac4       0x94 Src/gpio.o
                0x08003ac4                MX_GPIO_Init
 .text.register_led_flash_table
                0x08003b58       0x24 Src/led.o
                0x08003b58                register_led_flash_table
 .text.register_led_table
                0x08003b7c       0x24 Src/led.o
                0x08003b7c                register_led_table
 .text.set_rgb_led_color
                0x08003ba0       0x7a Src/led.o
                0x08003ba0                set_rgb_led_color
 *fill*         0x08003c1a        0x2 
 .text.set_led_status
                0x08003c1c       0x48 Src/led.o
                0x08003c1c                set_led_status
 .text.find_highest_priori_index
                0x08003c64       0x34 Src/led.o
                0x08003c64                find_highest_priori_index
 .text.find_action_index
                0x08003c98       0x2c Src/led.o
                0x08003c98                find_action_index
 .text.led_event_check
                0x08003cc4       0x3c Src/led.o
                0x08003cc4                led_event_check
 .text.led_control
                0x08003d00      0x13c Src/led.o
                0x08003d00                led_control
 .text.SystemClock_Config
                0x08003e3c       0xb0 Src/main.o
                0x08003e3c                SystemClock_Config
 .text.startup.main
                0x08003eec       0x8c Src/main.o
                0x08003eec                main
 .text.Error_Handler
                0x08003f78        0x2 Src/main.o
                0x08003f78                Error_Handler
 .text.devClear
                0x08003f7a        0x6 Src/math_nb.o
                0x08003f7a                devClear
 .text.devPush  0x08003f80       0x4e Src/math_nb.o
                0x08003f80                devPush
 *fill*         0x08003fce        0x2 
 .text.devVariance
                0x08003fd0       0x28 Src/math_nb.o
                0x08003fd0                devVariance
 .text.devStandardDeviation
                0x08003ff8        0xe Src/math_nb.o
                0x08003ff8                devStandardDeviation
 *fill*         0x08004006        0x2 
 .text.biquadFilterInit
                0x08004008       0xe4 Src/math_nb.o
                0x08004008                biquadFilterInit
 .text.biquadFilterInitLPF
                0x080040ec       0x10 Src/math_nb.o
                0x080040ec                biquadFilterInitLPF
 .text.biquadFilterApply
                0x080040fc       0x46 Src/math_nb.o
                0x080040fc                biquadFilterApply
 .text.Math_Constrain
                0x08004142       0x10 Src/math_nb.o
                0x08004142                Math_Constrain
 .text.MPU6500_Init
                0x08004152       0x92 Src/mpu6500.o
                0x08004152                MPU6500_Init
 .text.MPU6500_getAvg
                0x080041e4       0x1c Src/mpu6500.o
                0x080041e4                MPU6500_getAvg
 .text.mpu6500_new_value
                0x08004200      0x14c Src/mpu6500.o
                0x08004200                mpu6500_new_value
 .text.mpu6500_get_val
                0x0800434c       0x80 Src/mpu6500.o
                0x0800434c                mpu6500_get_val
 .text.gyroSetCalibrationCycles
                0x080043cc       0x10 Src/mpu6500.o
                0x080043cc                gyroSetCalibrationCycles
 .text.performGyroCalibration
                0x080043dc       0xd4 Src/mpu6500.o
                0x080043dc                performGyroCalibration
 .text.gyro_update
                0x080044b0       0x14 Src/mpu6500.o
                0x080044b0                gyro_update
 .text.setAccelerationFilter
                0x080044c4       0x3c Src/mpu6500.o
                0x080044c4                setAccelerationFilter
 .text.performAcclerationCalibration
                0x08004500      0x100 Src/mpu6500.o
                0x08004500                performAcclerationCalibration
 .text.accUpdate
                0x08004600       0x5c Src/mpu6500.o
                0x08004600                accUpdate
 .text.MPU6500_ReadValue
                0x0800465c      0x168 Src/mpu6500.o
                0x0800465c                MPU6500_ReadValue
 .text.send_data_to_pc
                0x080047c4       0x20 Src/send_data.o
                0x080047c4                send_data_to_pc
 .text.send_imu_data_to_pc
                0x080047e4       0xb8 Src/send_data.o
                0x080047e4                send_imu_data_to_pc
 .text.MX_SPI1_Init
                0x0800489c       0x44 Src/spi.o
                0x0800489c                MX_SPI1_Init
 .text.HAL_SPI_MspInit
                0x080048e0       0x4c Src/spi.o
                0x080048e0                HAL_SPI_MspInit
 .text.set_ncs  0x0800492c       0x40 Src/spi.o
                0x0800492c                set_ncs
 .text.SPI1_ReadWrite_Byte
                0x0800496c       0x20 Src/spi.o
                0x0800496c                SPI1_ReadWrite_Byte
 .text.MPU6500_Read_Reg
                0x0800498c       0x38 Src/spi.o
                0x0800498c                MPU6500_Read_Reg
 .text.SPI1_Read_Write_Byte
                0x080049c4       0x3c Src/spi.o
                0x080049c4                SPI1_Read_Write_Byte
 .text.SPI1_Init
                0x08004a00       0x54 Src/spi.o
                0x08004a00                SPI1_Init
 .text.MPU6500_Write_Reg
                0x08004a54       0x38 Src/spi.o
                0x08004a54                MPU6500_Write_Reg
 .text.HAL_MspInit
                0x08004a8c       0x60 Src/stm32f4xx_hal_msp.o
                0x08004a8c                HAL_MspInit
 .text.NMI_Handler
                0x08004aec        0x2 Src/stm32f4xx_it.o
                0x08004aec                NMI_Handler
 .text.HardFault_Handler
                0x08004aee        0x2 Src/stm32f4xx_it.o
                0x08004aee                HardFault_Handler
 .text.MemManage_Handler
                0x08004af0        0x2 Src/stm32f4xx_it.o
                0x08004af0                MemManage_Handler
 .text.BusFault_Handler
                0x08004af2        0x2 Src/stm32f4xx_it.o
                0x08004af2                BusFault_Handler
 .text.UsageFault_Handler
                0x08004af4        0x2 Src/stm32f4xx_it.o
                0x08004af4                UsageFault_Handler
 .text.DebugMon_Handler
                0x08004af6        0x2 Src/stm32f4xx_it.o
                0x08004af6                DebugMon_Handler
 .text.SysTick_Handler
                0x08004af8       0x1a Src/stm32f4xx_it.o
                0x08004af8                SysTick_Handler
 *fill*         0x08004b12        0x2 
 .text.USART1_IRQHandler
                0x08004b14        0xc Src/stm32f4xx_it.o
                0x08004b14                USART1_IRQHandler
 .text.USART3_IRQHandler
                0x08004b20        0xc Src/stm32f4xx_it.o
                0x08004b20                USART3_IRQHandler
 .text.USART6_IRQHandler
                0x08004b2c        0xc Src/stm32f4xx_it.o
                0x08004b2c                USART6_IRQHandler
 .text._sbrk    0x08004b38       0x40 Src/syscalls.o
                0x08004b38                _sbrk
 .text._write   0x08004b78       0x1c Src/syscalls.o
                0x08004b78                _write
 .text._close   0x08004b94        0x6 Src/syscalls.o
                0x08004b94                _close
 .text._fstat   0x08004b9a        0xa Src/syscalls.o
                0x08004b9a                _fstat
 .text._isatty  0x08004ba4        0x4 Src/syscalls.o
                0x08004ba4                _isatty
 .text._lseek   0x08004ba8        0x4 Src/syscalls.o
                0x08004ba8                _lseek
 .text._read    0x08004bac       0x1c Src/syscalls.o
                0x08004bac                _read
 .text.SystemInit
                0x08004bc8       0x4c Src/system_stm32f4xx.o
                0x08004bc8                SystemInit
 .text.HAL_TIM_Base_MspInit
                0x08004c14       0x44 Src/tim.o
                0x08004c14                HAL_TIM_Base_MspInit
 .text.HAL_TIM_MspPostInit
                0x08004c58       0x30 Src/tim.o
                0x08004c58                HAL_TIM_MspPostInit
 .text.MX_TIM3_Init
                0x08004c88       0x98 Src/tim.o
                0x08004c88                MX_TIM3_Init
 .text.TIM3_PWM_Init
                0x08004d20       0x80 Src/tim.o
                0x08004d20                TIM3_PWM_Init
 .text.HAL_TIM_PWM_MspInit
                0x08004da0       0x80 Src/tim.o
                0x08004da0                HAL_TIM_PWM_MspInit
 .text.set_led_rgb
                0x08004e20       0x8c Src/tim.o
                0x08004e20                set_led_rgb
 .text.__io_putchar
                0x08004eac       0x1c Src/usart.o
                0x08004eac                __io_putchar
 .text.MX_USART1_UART_Init
                0x08004ec8       0x38 Src/usart.o
                0x08004ec8                MX_USART1_UART_Init
 .text.MX_USART3_UART_Init
                0x08004f00       0x38 Src/usart.o
                0x08004f00                MX_USART3_UART_Init
 .text.MX_USART6_UART_Init
                0x08004f38       0x38 Src/usart.o
                0x08004f38                MX_USART6_UART_Init
 .text.HAL_UART_MspInit
                0x08004f70      0x100 Src/usart.o
                0x08004f70                HAL_UART_MspInit
 .text.HAL_UART_RxCpltCallback
                0x08005070       0x38 Src/usart.o
                0x08005070                HAL_UART_RxCpltCallback
 .text.register_task_table
                0x080050a8       0x30 Src/utask.o
                0x080050a8                register_task_table
 .text.slow_task
                0x080050d8       0x4c Src/utask.o
                0x080050d8                slow_task
 .text.fast_task
                0x08005124       0x4c Src/utask.o
                0x08005124                fast_task
 .text.super_task
                0x08005170       0x4c Src/utask.o
                0x08005170                super_task
 .text.Reset_Handler
                0x080051bc       0x50 startup/startup_stm32f407xx.o
                0x080051bc                Reset_Handler
 .text.Default_Handler
                0x0800520c        0x2 startup/startup_stm32f407xx.o
                0x0800520c                RTC_Alarm_IRQHandler
                0x0800520c                HASH_RNG_IRQHandler
                0x0800520c                EXTI2_IRQHandler
                0x0800520c                TIM8_CC_IRQHandler
                0x0800520c                TIM1_CC_IRQHandler
                0x0800520c                DMA2_Stream5_IRQHandler
                0x0800520c                DMA1_Stream5_IRQHandler
                0x0800520c                PVD_IRQHandler
                0x0800520c                SDIO_IRQHandler
                0x0800520c                TAMP_STAMP_IRQHandler
                0x0800520c                CAN2_RX1_IRQHandler
                0x0800520c                EXTI3_IRQHandler
                0x0800520c                TIM8_TRG_COM_TIM14_IRQHandler
                0x0800520c                TIM1_UP_TIM10_IRQHandler
                0x0800520c                TIM8_UP_TIM13_IRQHandler
                0x0800520c                I2C3_ER_IRQHandler
                0x0800520c                EXTI0_IRQHandler
                0x0800520c                I2C2_EV_IRQHandler
                0x0800520c                DMA1_Stream2_IRQHandler
                0x0800520c                CAN1_RX0_IRQHandler
                0x0800520c                FPU_IRQHandler
                0x0800520c                OTG_HS_WKUP_IRQHandler
                0x0800520c                CAN2_SCE_IRQHandler
                0x0800520c                DMA2_Stream2_IRQHandler
                0x0800520c                SPI1_IRQHandler
                0x0800520c                TIM6_DAC_IRQHandler
                0x0800520c                TIM1_BRK_TIM9_IRQHandler
                0x0800520c                DCMI_IRQHandler
                0x0800520c                CAN2_RX0_IRQHandler
                0x0800520c                DMA2_Stream3_IRQHandler
                0x0800520c                CAN1_RX1_IRQHandler
                0x0800520c                UART5_IRQHandler
                0x0800520c                DMA2_Stream0_IRQHandler
                0x0800520c                TIM4_IRQHandler
                0x0800520c                I2C1_EV_IRQHandler
                0x0800520c                DMA1_Stream6_IRQHandler
                0x0800520c                DMA1_Stream1_IRQHandler
                0x0800520c                UART4_IRQHandler
                0x0800520c                TIM3_IRQHandler
                0x0800520c                RCC_IRQHandler
                0x0800520c                TIM8_BRK_TIM12_IRQHandler
                0x0800520c                Default_Handler
                0x0800520c                EXTI15_10_IRQHandler
                0x0800520c                ADC_IRQHandler
                0x0800520c                DMA1_Stream7_IRQHandler
                0x0800520c                TIM7_IRQHandler
                0x0800520c                CAN2_TX_IRQHandler
                0x0800520c                TIM5_IRQHandler
                0x0800520c                DMA2_Stream7_IRQHandler
                0x0800520c                I2C3_EV_IRQHandler
                0x0800520c                EXTI9_5_IRQHandler
                0x0800520c                RTC_WKUP_IRQHandler
                0x0800520c                ETH_WKUP_IRQHandler
                0x0800520c                SPI2_IRQHandler
                0x0800520c                OTG_HS_EP1_IN_IRQHandler
                0x0800520c                DMA1_Stream0_IRQHandler
                0x0800520c                CAN1_TX_IRQHandler
                0x0800520c                EXTI4_IRQHandler
                0x0800520c                FSMC_IRQHandler
                0x0800520c                ETH_IRQHandler
                0x0800520c                OTG_HS_EP1_OUT_IRQHandler
                0x0800520c                WWDG_IRQHandler
                0x0800520c                TIM2_IRQHandler
                0x0800520c                OTG_FS_WKUP_IRQHandler
                0x0800520c                TIM1_TRG_COM_TIM11_IRQHandler
                0x0800520c                OTG_HS_IRQHandler
                0x0800520c                EXTI1_IRQHandler
                0x0800520c                USART2_IRQHandler
                0x0800520c                I2C2_ER_IRQHandler
                0x0800520c                DMA2_Stream1_IRQHandler
                0x0800520c                CAN1_SCE_IRQHandler
                0x0800520c                FLASH_IRQHandler
                0x0800520c                DMA2_Stream4_IRQHandler
                0x0800520c                OTG_FS_IRQHandler
                0x0800520c                SPI3_IRQHandler
                0x0800520c                DMA1_Stream4_IRQHandler
                0x0800520c                I2C1_ER_IRQHandler
                0x0800520c                DMA2_Stream6_IRQHandler
                0x0800520c                DMA1_Stream3_IRQHandler
 *fill*         0x0800520e        0x2 
 .text.__errno  0x08005210        0xc /home/n52/en.stm32cubemx（V4.19.0）/systemworkbench/plugins/fr.ac6.mcu.externaltools.arm-none.linux64_1.13.1.201703061524/tools/compiler/bin/../lib/gcc/arm-none-eabi/5.4.1/../../../../arm-none-eabi/lib/armv7e-m/fpu/libc_nano.a(lib_a-errno.o)
                0x08005210                __errno
 .text.__libc_init_array
                0x0800521c       0x4c /home/n52/en.stm32cubemx（V4.19.0）/systemworkbench/plugins/fr.ac6.mcu.externaltools.arm-none.linux64_1.13.1.201703061524/tools/compiler/bin/../lib/gcc/arm-none-eabi/5.4.1/../../../../arm-none-eabi/lib/armv7e-m/fpu/libc_nano.a(lib_a-init.o)
                0x0800521c                __libc_init_array
 .text.memcpy   0x08005268       0x16 /home/n52/en.stm32cubemx（V4.19.0）/systemworkbench/plugins/fr.ac6.mcu.externaltools.arm-none.linux64_1.13.1.201703061524/tools/compiler/bin/../lib/gcc/arm-none-eabi/5.4.1/../../../../arm-none-eabi/lib/armv7e-m/fpu/libc_nano.a(lib_a-memcpy-stub.o)
                0x08005268                memcpy
 .text.memset   0x0800527e       0x10 /home/n52/en.stm32cubemx（V4.19.0）/systemworkbench/plugins/fr.ac6.mcu.externaltools.arm-none.linux64_1.13.1.201703061524/tools/compiler/bin/../lib/gcc/arm-none-eabi/5.4.1/../../../../arm-none-eabi/lib/armv7e-m/fpu/libc_nano.a(lib_a-memset.o)
                0x0800527e                memset
 .text.__cvt    0x0800528e       0xc8 /home/n52/en.stm32cubemx（V4.19.0）/systemworkbench/plugins/fr.ac6.mcu.externaltools.arm-none.linux64_1.13.1.201703061524/tools/compiler/bin/../lib/gcc/arm-none-eabi/5.4.1/../../../../arm-none-eabi/lib/armv7e-m/fpu/libc_nano.a(lib_a-nano-vfprintf_float.o)
                0x0800528e                __cvt
 .text.__exponent
                0x08005356       0x60 /home/n52/en.stm32cubemx（V4.19.0）/systemworkbench/plugins/fr.ac6.mcu.externaltools.arm-none.linux64_1.13.1.201703061524/tools/compiler/bin/../lib/gcc/arm-none-eabi/5.4.1/../../../../arm-none-eabi/lib/armv7e-m/fpu/libc_nano.a(lib_a-nano-vfprintf_float.o)
                0x08005356                __exponent
 *fill*         0x080053b6        0x2 
 .text._printf_float
                0x080053b8      0x47c /home/n52/en.stm32cubemx（V4.19.0）/systemworkbench/plugins/fr.ac6.mcu.externaltools.arm-none.linux64_1.13.1.201703061524/tools/compiler/bin/../lib/gcc/arm-none-eabi/5.4.1/../../../../arm-none-eabi/lib/armv7e-m/fpu/libc_nano.a(lib_a-nano-vfprintf_float.o)
                0x080053b8                _printf_float
 .text._printf_common
                0x08005834       0xec /home/n52/en.stm32cubemx（V4.19.0）/systemworkbench/plugins/fr.ac6.mcu.externaltools.arm-none.linux64_1.13.1.201703061524/tools/compiler/bin/../lib/gcc/arm-none-eabi/5.4.1/../../../../arm-none-eabi/lib/armv7e-m/fpu/libc_nano.a(lib_a-nano-vfprintf_i.o)
                0x08005834                _printf_common
 .text._printf_i
                0x08005920      0x24c /home/n52/en.stm32cubemx（V4.19.0）/systemworkbench/plugins/fr.ac6.mcu.externaltools.arm-none.linux64_1.13.1.201703061524/tools/compiler/bin/../lib/gcc/arm-none-eabi/5.4.1/../../../../arm-none-eabi/lib/armv7e-m/fpu/libc_nano.a(lib_a-nano-vfprintf_i.o)
                0x08005920                _printf_i
 .text.printf   0x08005b6c       0x30 /home/n52/en.stm32cubemx（V4.19.0）/systemworkbench/plugins/fr.ac6.mcu.externaltools.arm-none.linux64_1.13.1.201703061524/tools/compiler/bin/../lib/gcc/arm-none-eabi/5.4.1/../../../../arm-none-eabi/lib/armv7e-m/fpu/libc_nano.a(lib_a-printf.o)
                0x08005b6c                printf
                0x08005b6c                iprintf
 .text.quorem   0x08005b9c      0x11e /home/n52/en.stm32cubemx（V4.19.0）/systemworkbench/plugins/fr.ac6.mcu.externaltools.arm-none.linux64_1.13.1.201703061524/tools/compiler/bin/../lib/gcc/arm-none-eabi/5.4.1/../../../../arm-none-eabi/lib/armv7e-m/fpu/libc_nano.a(lib_a-dtoa.o)
 *fill*         0x08005cba        0x6 
 .text._dtoa_r  0x08005cc0      0xb40 /home/n52/en.stm32cubemx（V4.19.0）/systemworkbench/plugins/fr.ac6.mcu.externaltools.arm-none.linux64_1.13.1.201703061524/tools/compiler/bin/../lib/gcc/arm-none-eabi/5.4.1/../../../../arm-none-eabi/lib/armv7e-m/fpu/libc_nano.a(lib_a-dtoa.o)
                0x08005cc0                _dtoa_r
 .text._cleanup_r
                0x08006800        0xc /home/n52/en.stm32cubemx（V4.19.0）/systemworkbench/plugins/fr.ac6.mcu.externaltools.arm-none.linux64_1.13.1.201703061524/tools/compiler/bin/../lib/gcc/arm-none-eabi/5.4.1/../../../../arm-none-eabi/lib/armv7e-m/fpu/libc_nano.a(lib_a-findfp.o)
                0x08006800                _cleanup_r
 .text.std.isra.0
                0x0800680c       0x48 /home/n52/en.stm32cubemx（V4.19.0）/systemworkbench/plugins/fr.ac6.mcu.externaltools.arm-none.linux64_1.13.1.201703061524/tools/compiler/bin/../lib/gcc/arm-none-eabi/5.4.1/../../../../arm-none-eabi/lib/armv7e-m/fpu/libc_nano.a(lib_a-findfp.o)
 .text.__sfmoreglue
                0x08006854       0x2c /home/n52/en.stm32cubemx（V4.19.0）/systemworkbench/plugins/fr.ac6.mcu.externaltools.arm-none.linux64_1.13.1.201703061524/tools/compiler/bin/../lib/gcc/arm-none-eabi/5.4.1/../../../../arm-none-eabi/lib/armv7e-m/fpu/libc_nano.a(lib_a-findfp.o)
                0x08006854                __sfmoreglue
 .text.__sinit  0x08006880       0x60 /home/n52/en.stm32cubemx（V4.19.0）/systemworkbench/plugins/fr.ac6.mcu.externaltools.arm-none.linux64_1.13.1.201703061524/tools/compiler/bin/../lib/gcc/arm-none-eabi/5.4.1/../../../../arm-none-eabi/lib/armv7e-m/fpu/libc_nano.a(lib_a-findfp.o)
                0x08006880                __sinit
 .text.__sfp    0x080068e0       0x78 /home/n52/en.stm32cubemx（V4.19.0）/systemworkbench/plugins/fr.ac6.mcu.externaltools.arm-none.linux64_1.13.1.201703061524/tools/compiler/bin/../lib/gcc/arm-none-eabi/5.4.1/../../../../arm-none-eabi/lib/armv7e-m/fpu/libc_nano.a(lib_a-findfp.o)
                0x080068e0                __sfp
 .text._fwalk_reent
                0x08006958       0x3c /home/n52/en.stm32cubemx（V4.19.0）/systemworkbench/plugins/fr.ac6.mcu.externaltools.arm-none.linux64_1.13.1.201703061524/tools/compiler/bin/../lib/gcc/arm-none-eabi/5.4.1/../../../../arm-none-eabi/lib/armv7e-m/fpu/libc_nano.a(lib_a-fwalk.o)
                0x08006958                _fwalk_reent
 .text._localeconv_r
                0x08006994       0x1c /home/n52/en.stm32cubemx（V4.19.0）/systemworkbench/plugins/fr.ac6.mcu.externaltools.arm-none.linux64_1.13.1.201703061524/tools/compiler/bin/../lib/gcc/arm-none-eabi/5.4.1/../../../../arm-none-eabi/lib/armv7e-m/fpu/libc_nano.a(lib_a-localeconv.o)
                0x08006994                _localeconv_r
 .text.malloc   0x080069b0       0x10 /home/n52/en.stm32cubemx（V4.19.0）/systemworkbench/plugins/fr.ac6.mcu.externaltools.arm-none.linux64_1.13.1.201703061524/tools/compiler/bin/../lib/gcc/arm-none-eabi/5.4.1/../../../../arm-none-eabi/lib/armv7e-m/fpu/libc_nano.a(lib_a-malloc.o)
                0x080069b0                malloc
 .text._Balloc  0x080069c0       0x6a /home/n52/en.stm32cubemx（V4.19.0）/systemworkbench/plugins/fr.ac6.mcu.externaltools.arm-none.linux64_1.13.1.201703061524/tools/compiler/bin/../lib/gcc/arm-none-eabi/5.4.1/../../../../arm-none-eabi/lib/armv7e-m/fpu/libc_nano.a(lib_a-mprec.o)
                0x080069c0                _Balloc
 .text._Bfree   0x08006a2a       0x2e /home/n52/en.stm32cubemx（V4.19.0）/systemworkbench/plugins/fr.ac6.mcu.externaltools.arm-none.linux64_1.13.1.201703061524/tools/compiler/bin/../lib/gcc/arm-none-eabi/5.4.1/../../../../arm-none-eabi/lib/armv7e-m/fpu/libc_nano.a(lib_a-mprec.o)
                0x08006a2a                _Bfree
 .text.__multadd
                0x08006a58       0x76 /home/n52/en.stm32cubemx（V4.19.0）/systemworkbench/plugins/fr.ac6.mcu.externaltools.arm-none.linux64_1.13.1.201703061524/tools/compiler/bin/../lib/gcc/arm-none-eabi/5.4.1/../../../../arm-none-eabi/lib/armv7e-m/fpu/libc_nano.a(lib_a-mprec.o)
                0x08006a58                __multadd
 .text.__hi0bits
                0x08006ace       0x40 /home/n52/en.stm32cubemx（V4.19.0）/systemworkbench/plugins/fr.ac6.mcu.externaltools.arm-none.linux64_1.13.1.201703061524/tools/compiler/bin/../lib/gcc/arm-none-eabi/5.4.1/../../../../arm-none-eabi/lib/armv7e-m/fpu/libc_nano.a(lib_a-mprec.o)
                0x08006ace                __hi0bits
 .text.__lo0bits
                0x08006b0e       0x5a /home/n52/en.stm32cubemx（V4.19.0）/systemworkbench/plugins/fr.ac6.mcu.externaltools.arm-none.linux64_1.13.1.201703061524/tools/compiler/bin/../lib/gcc/arm-none-eabi/5.4.1/../../../../arm-none-eabi/lib/armv7e-m/fpu/libc_nano.a(lib_a-mprec.o)
                0x08006b0e                __lo0bits
 .text.__i2b    0x08006b68       0x12 /home/n52/en.stm32cubemx（V4.19.0）/systemworkbench/plugins/fr.ac6.mcu.externaltools.arm-none.linux64_1.13.1.201703061524/tools/compiler/bin/../lib/gcc/arm-none-eabi/5.4.1/../../../../arm-none-eabi/lib/armv7e-m/fpu/libc_nano.a(lib_a-mprec.o)
                0x08006b68                __i2b
 .text.__multiply
                0x08006b7a      0x122 /home/n52/en.stm32cubemx（V4.19.0）/systemworkbench/plugins/fr.ac6.mcu.externaltools.arm-none.linux64_1.13.1.201703061524/tools/compiler/bin/../lib/gcc/arm-none-eabi/5.4.1/../../../../arm-none-eabi/lib/armv7e-m/fpu/libc_nano.a(lib_a-mprec.o)
                0x08006b7a                __multiply
 .text.__pow5mult
                0x08006c9c       0x9c /home/n52/en.stm32cubemx（V4.19.0）/systemworkbench/plugins/fr.ac6.mcu.externaltools.arm-none.linux64_1.13.1.201703061524/tools/compiler/bin/../lib/gcc/arm-none-eabi/5.4.1/../../../../arm-none-eabi/lib/armv7e-m/fpu/libc_nano.a(lib_a-mprec.o)
                0x08006c9c                __pow5mult
 .text.__lshift
                0x08006d38       0xa2 /home/n52/en.stm32cubemx（V4.19.0）/systemworkbench/plugins/fr.ac6.mcu.externaltools.arm-none.linux64_1.13.1.201703061524/tools/compiler/bin/../lib/gcc/arm-none-eabi/5.4.1/../../../../arm-none-eabi/lib/armv7e-m/fpu/libc_nano.a(lib_a-mprec.o)
                0x08006d38                __lshift
 .text.__mcmp   0x08006dda       0x38 /home/n52/en.stm32cubemx（V4.19.0）/systemworkbench/plugins/fr.ac6.mcu.externaltools.arm-none.linux64_1.13.1.201703061524/tools/compiler/bin/../lib/gcc/arm-none-eabi/5.4.1/../../../../arm-none-eabi/lib/armv7e-m/fpu/libc_nano.a(lib_a-mprec.o)
                0x08006dda                __mcmp
 .text.__mdiff  0x08006e12       0xbe /home/n52/en.stm32cubemx（V4.19.0）/systemworkbench/plugins/fr.ac6.mcu.externaltools.arm-none.linux64_1.13.1.201703061524/tools/compiler/bin/../lib/gcc/arm-none-eabi/5.4.1/../../../../arm-none-eabi/lib/armv7e-m/fpu/libc_nano.a(lib_a-mprec.o)
                0x08006e12                __mdiff
 .text.__d2b    0x08006ed0       0x9c /home/n52/en.stm32cubemx（V4.19.0）/systemworkbench/plugins/fr.ac6.mcu.externaltools.arm-none.linux64_1.13.1.201703061524/tools/compiler/bin/../lib/gcc/arm-none-eabi/5.4.1/../../../../arm-none-eabi/lib/armv7e-m/fpu/libc_nano.a(lib_a-mprec.o)
                0x08006ed0                __d2b
 .text._calloc_r
                0x08006f6c       0x1c /home/n52/en.stm32cubemx（V4.19.0）/systemworkbench/plugins/fr.ac6.mcu.externaltools.arm-none.linux64_1.13.1.201703061524/tools/compiler/bin/../lib/gcc/arm-none-eabi/5.4.1/../../../../arm-none-eabi/lib/armv7e-m/fpu/libc_nano.a(lib_a-nano-callocr.o)
                0x08006f6c                _calloc_r
 .text._free_r  0x08006f88       0x9c /home/n52/en.stm32cubemx（V4.19.0）/systemworkbench/plugins/fr.ac6.mcu.externaltools.arm-none.linux64_1.13.1.201703061524/tools/compiler/bin/../lib/gcc/arm-none-eabi/5.4.1/../../../../arm-none-eabi/lib/armv7e-m/fpu/libc_nano.a(lib_a-nano-freer.o)
                0x08006f88                _free_r
 .text._malloc_r
                0x08007024       0xbc /home/n52/en.stm32cubemx（V4.19.0）/systemworkbench/plugins/fr.ac6.mcu.externaltools.arm-none.linux64_1.13.1.201703061524/tools/compiler/bin/../lib/gcc/arm-none-eabi/5.4.1/../../../../arm-none-eabi/lib/armv7e-m/fpu/libc_nano.a(lib_a-nano-mallocr.o)
                0x08007024                _malloc_r
 .text.__sfputc_r
                0x080070e0       0x30 /home/n52/en.stm32cubemx（V4.19.0）/systemworkbench/plugins/fr.ac6.mcu.externaltools.arm-none.linux64_1.13.1.201703061524/tools/compiler/bin/../lib/gcc/arm-none-eabi/5.4.1/../../../../arm-none-eabi/lib/armv7e-m/fpu/libc_nano.a(lib_a-nano-vfprintf.o)
 .text.__sfputs_r
                0x08007110       0x24 /home/n52/en.stm32cubemx（V4.19.0）/systemworkbench/plugins/fr.ac6.mcu.externaltools.arm-none.linux64_1.13.1.201703061524/tools/compiler/bin/../lib/gcc/arm-none-eabi/5.4.1/../../../../arm-none-eabi/lib/armv7e-m/fpu/libc_nano.a(lib_a-nano-vfprintf.o)
                0x08007110                __sfputs_r
 .text._vfprintf_r
                0x08007134      0x238 /home/n52/en.stm32cubemx（V4.19.0）/systemworkbench/plugins/fr.ac6.mcu.externaltools.arm-none.linux64_1.13.1.201703061524/tools/compiler/bin/../lib/gcc/arm-none-eabi/5.4.1/../../../../arm-none-eabi/lib/armv7e-m/fpu/libc_nano.a(lib_a-nano-vfprintf.o)
                0x08007134                _vfiprintf_r
                0x08007134                _vfprintf_r
 .text._sbrk_r  0x0800736c       0x20 /home/n52/en.stm32cubemx（V4.19.0）/systemworkbench/plugins/fr.ac6.mcu.externaltools.arm-none.linux64_1.13.1.201703061524/tools/compiler/bin/../lib/gcc/arm-none-eabi/5.4.1/../../../../arm-none-eabi/lib/armv7e-m/fpu/libc_nano.a(lib_a-sbrkr.o)
                0x0800736c                _sbrk_r
 .text.__sread  0x0800738c       0x22 /home/n52/en.stm32cubemx（V4.19.0）/systemworkbench/plugins/fr.ac6.mcu.externaltools.arm-none.linux64_1.13.1.201703061524/tools/compiler/bin/../lib/gcc/arm-none-eabi/5.4.1/../../../../arm-none-eabi/lib/armv7e-m/fpu/libc_nano.a(lib_a-stdio.o)
                0x0800738c                __sread
 .text.__swrite
                0x080073ae       0x38 /home/n52/en.stm32cubemx（V4.19.0）/systemworkbench/plugins/fr.ac6.mcu.externaltools.arm-none.linux64_1.13.1.201703061524/tools/compiler/bin/../lib/gcc/arm-none-eabi/5.4.1/../../../../arm-none-eabi/lib/armv7e-m/fpu/libc_nano.a(lib_a-stdio.o)
                0x080073ae                __swrite
 .text.__sseek  0x080073e6       0x24 /home/n52/en.stm32cubemx（V4.19.0）/systemworkbench/plugins/fr.ac6.mcu.externaltools.arm-none.linux64_1.13.1.201703061524/tools/compiler/bin/../lib/gcc/arm-none-eabi/5.4.1/../../../../arm-none-eabi/lib/armv7e-m/fpu/libc_nano.a(lib_a-stdio.o)
                0x080073e6                __sseek
 .text.__sclose
                0x0800740a        0x8 /home/n52/en.stm32cubemx（V4.19.0）/systemworkbench/plugins/fr.ac6.mcu.externaltools.arm-none.linux64_1.13.1.201703061524/tools/compiler/bin/../lib/gcc/arm-none-eabi/5.4.1/../../../../arm-none-eabi/lib/armv7e-m/fpu/libc_nano.a(lib_a-stdio.o)
                0x0800740a                __sclose
 *fill*         0x08007412        0x2 
 .text.__swbuf_r
                0x08007414       0xa8 /home/n52/en.stm32cubemx（V4.19.0）/systemworkbench/plugins/fr.ac6.mcu.externaltools.arm-none.linux64_1.13.1.201703061524/tools/compiler/bin/../lib/gcc/arm-none-eabi/5.4.1/../../../../arm-none-eabi/lib/armv7e-m/fpu/libc_nano.a(lib_a-wbuf.o)
                0x08007414                __swbuf_r
 .text._write_r
                0x080074bc       0x24 /home/n52/en.stm32cubemx（V4.19.0）/systemworkbench/plugins/fr.ac6.mcu.externaltools.arm-none.linux64_1.13.1.201703061524/tools/compiler/bin/../lib/gcc/arm-none-eabi/5.4.1/../../../../arm-none-eabi/lib/armv7e-m/fpu/libc_nano.a(lib_a-writer.o)
                0x080074bc                _write_r
 .text.__swsetup_r
                0x080074e0       0xdc /home/n52/en.stm32cubemx（V4.19.0）/systemworkbench/plugins/fr.ac6.mcu.externaltools.arm-none.linux64_1.13.1.201703061524/tools/compiler/bin/../lib/gcc/arm-none-eabi/5.4.1/../../../../arm-none-eabi/lib/armv7e-m/fpu/libc_nano.a(lib_a-wsetup.o)
                0x080074e0                __swsetup_r
 .text._close_r
                0x080075bc       0x20 /home/n52/en.stm32cubemx（V4.19.0）/systemworkbench/plugins/fr.ac6.mcu.externaltools.arm-none.linux64_1.13.1.201703061524/tools/compiler/bin/../lib/gcc/arm-none-eabi/5.4.1/../../../../arm-none-eabi/lib/armv7e-m/fpu/libc_nano.a(lib_a-closer.o)
                0x080075bc                _close_r
 .text.__sflush_r
                0x080075dc      0x110 /home/n52/en.stm32cubemx（V4.19.0）/systemworkbench/plugins/fr.ac6.mcu.externaltools.arm-none.linux64_1.13.1.201703061524/tools/compiler/bin/../lib/gcc/arm-none-eabi/5.4.1/../../../../arm-none-eabi/lib/armv7e-m/fpu/libc_nano.a(lib_a-fflush.o)
                0x080075dc                __sflush_r
 .text._fflush_r
                0x080076ec       0x54 /home/n52/en.stm32cubemx（V4.19.0）/systemworkbench/plugins/fr.ac6.mcu.externaltools.arm-none.linux64_1.13.1.201703061524/tools/compiler/bin/../lib/gcc/arm-none-eabi/5.4.1/../../../../arm-none-eabi/lib/armv7e-m/fpu/libc_nano.a(lib_a-fflush.o)
                0x080076ec                _fflush_r
 .text._lseek_r
                0x08007740       0x24 /home/n52/en.stm32cubemx（V4.19.0）/systemworkbench/plugins/fr.ac6.mcu.externaltools.arm-none.linux64_1.13.1.201703061524/tools/compiler/bin/../lib/gcc/arm-none-eabi/5.4.1/../../../../arm-none-eabi/lib/armv7e-m/fpu/libc_nano.a(lib_a-lseekr.o)
                0x08007740                _lseek_r
 .text.__swhatbuf_r
                0x08007764       0x46 /home/n52/en.stm32cubemx（V4.19.0）/systemworkbench/plugins/fr.ac6.mcu.externaltools.arm-none.linux64_1.13.1.201703061524/tools/compiler/bin/../lib/gcc/arm-none-eabi/5.4.1/../../../../arm-none-eabi/lib/armv7e-m/fpu/libc_nano.a(lib_a-makebuf.o)
                0x08007764                __swhatbuf_r
 *fill*         0x080077aa        0x2 
 .text.__smakebuf_r
                0x080077ac       0x78 /home/n52/en.stm32cubemx（V4.19.0）/systemworkbench/plugins/fr.ac6.mcu.externaltools.arm-none.linux64_1.13.1.201703061524/tools/compiler/bin/../lib/gcc/arm-none-eabi/5.4.1/../../../../arm-none-eabi/lib/armv7e-m/fpu/libc_nano.a(lib_a-makebuf.o)
                0x080077ac                __smakebuf_r
 .text.__ascii_mbtowc
                0x08007824       0x24 /home/n52/en.stm32cubemx（V4.19.0）/systemworkbench/plugins/fr.ac6.mcu.externaltools.arm-none.linux64_1.13.1.201703061524/tools/compiler/bin/../lib/gcc/arm-none-eabi/5.4.1/../../../../arm-none-eabi/lib/armv7e-m/fpu/libc_nano.a(lib_a-mbtowc_r.o)
                0x08007824                __ascii_mbtowc
 .text.__malloc_lock
                0x08007848        0x2 /home/n52/en.stm32cubemx（V4.19.0）/systemworkbench/plugins/fr.ac6.mcu.externaltools.arm-none.linux64_1.13.1.201703061524/tools/compiler/bin/../lib/gcc/arm-none-eabi/5.4.1/../../../../arm-none-eabi/lib/armv7e-m/fpu/libc_nano.a(lib_a-mlock.o)
                0x08007848                __malloc_lock
 .text.__malloc_unlock
                0x0800784a        0x2 /home/n52/en.stm32cubemx（V4.19.0）/systemworkbench/plugins/fr.ac6.mcu.externaltools.arm-none.linux64_1.13.1.201703061524/tools/compiler/bin/../lib/gcc/arm-none-eabi/5.4.1/../../../../arm-none-eabi/lib/armv7e-m/fpu/libc_nano.a(lib_a-mlock.o)
                0x0800784a                __malloc_unlock
 .text._read_r  0x0800784c       0x24 /home/n52/en.stm32cubemx（V4.19.0）/systemworkbench/plugins/fr.ac6.mcu.externaltools.arm-none.linux64_1.13.1.201703061524/tools/compiler/bin/../lib/gcc/arm-none-eabi/5.4.1/../../../../arm-none-eabi/lib/armv7e-m/fpu/libc_nano.a(lib_a-readr.o)
                0x0800784c                _read_r
 .text.__ascii_wctomb
                0x08007870       0x1a /home/n52/en.stm32cubemx（V4.19.0）/systemworkbench/plugins/fr.ac6.mcu.externaltools.arm-none.linux64_1.13.1.201703061524/tools/compiler/bin/../lib/gcc/arm-none-eabi/5.4.1/../../../../arm-none-eabi/lib/armv7e-m/fpu/libc_nano.a(lib_a-wctomb_r.o)
                0x08007870                __ascii_wctomb
 *fill*         0x0800788a        0x2 
 .text._fstat_r
                0x0800788c       0x24 /home/n52/en.stm32cubemx（V4.19.0）/systemworkbench/plugins/fr.ac6.mcu.externaltools.arm-none.linux64_1.13.1.201703061524/tools/compiler/bin/../lib/gcc/arm-none-eabi/5.4.1/../../../../arm-none-eabi/lib/armv7e-m/fpu/libc_nano.a(lib_a-fstatr.o)
                0x0800788c                _fstat_r
 .text._isatty_r
                0x080078b0       0x20 /home/n52/en.stm32cubemx（V4.19.0）/systemworkbench/plugins/fr.ac6.mcu.externaltools.arm-none.linux64_1.13.1.201703061524/tools/compiler/bin/../lib/gcc/arm-none-eabi/5.4.1/../../../../arm-none-eabi/lib/armv7e-m/fpu/libc_nano.a(lib_a-isattyr.o)
                0x080078b0                _isatty_r
 .text.cosf     0x080078d0       0x90 /home/n52/en.stm32cubemx（V4.19.0）/systemworkbench/plugins/fr.ac6.mcu.externaltools.arm-none.linux64_1.13.1.201703061524/tools/compiler/bin/../lib/gcc/arm-none-eabi/5.4.1/../../../../arm-none-eabi/lib/armv7e-m/fpu/libm.a(lib_a-sf_cos.o)
                0x080078d0                cosf
 .text.lrintf   0x08007960       0x90 /home/n52/en.stm32cubemx（V4.19.0）/systemworkbench/plugins/fr.ac6.mcu.externaltools.arm-none.linux64_1.13.1.201703061524/tools/compiler/bin/../lib/gcc/arm-none-eabi/5.4.1/../../../../arm-none-eabi/lib/armv7e-m/fpu/libm.a(lib_a-sf_lrint.o)
                0x08007960                lrintf
 .text.sinf     0x080079f0       0x94 /home/n52/en.stm32cubemx（V4.19.0）/systemworkbench/plugins/fr.ac6.mcu.externaltools.arm-none.linux64_1.13.1.201703061524/tools/compiler/bin/../lib/gcc/arm-none-eabi/5.4.1/../../../../arm-none-eabi/lib/armv7e-m/fpu/libm.a(lib_a-sf_sin.o)
                0x080079f0                sinf
 .text.asin     0x08007a84       0xc4 /home/n52/en.stm32cubemx（V4.19.0）/systemworkbench/plugins/fr.ac6.mcu.externaltools.arm-none.linux64_1.13.1.201703061524/tools/compiler/bin/../lib/gcc/arm-none-eabi/5.4.1/../../../../arm-none-eabi/lib/armv7e-m/fpu/libm.a(lib_a-w_asin.o)
                0x08007a84                asin
 .text.atan2    0x08007b48        0x4 /home/n52/en.stm32cubemx（V4.19.0）/systemworkbench/plugins/fr.ac6.mcu.externaltools.arm-none.linux64_1.13.1.201703061524/tools/compiler/bin/../lib/gcc/arm-none-eabi/5.4.1/../../../../arm-none-eabi/lib/armv7e-m/fpu/libm.a(lib_a-w_atan2.o)
                0x08007b48                atan2
 .text.sqrt     0x08007b4c       0xc0 /home/n52/en.stm32cubemx（V4.19.0）/systemworkbench/plugins/fr.ac6.mcu.externaltools.arm-none.linux64_1.13.1.201703061524/tools/compiler/bin/../lib/gcc/arm-none-eabi/5.4.1/../../../../arm-none-eabi/lib/armv7e-m/fpu/libm.a(lib_a-w_sqrt.o)
                0x08007b4c                sqrt
 .text.sqrtf    0x08007c0c       0xac /home/n52/en.stm32cubemx（V4.19.0）/systemworkbench/plugins/fr.ac6.mcu.externaltools.arm-none.linux64_1.13.1.201703061524/tools/compiler/bin/../lib/gcc/arm-none-eabi/5.4.1/../../../../arm-none-eabi/lib/armv7e-m/fpu/libm.a(lib_a-wf_sqrt.o)
                0x08007c0c                sqrtf
 .text.__ieee754_asin
                0x08007cb8      0x49c /home/n52/en.stm32cubemx（V4.19.0）/systemworkbench/plugins/fr.ac6.mcu.externaltools.arm-none.linux64_1.13.1.201703061524/tools/compiler/bin/../lib/gcc/arm-none-eabi/5.4.1/../../../../arm-none-eabi/lib/armv7e-m/fpu/libm.a(lib_a-e_asin.o)
                0x08007cb8                __ieee754_asin
 *fill*         0x08008154        0x4 
 .text.__ieee754_atan2
                0x08008158      0x1ec /home/n52/en.stm32cubemx（V4.19.0）/systemworkbench/plugins/fr.ac6.mcu.externaltools.arm-none.linux64_1.13.1.201703061524/tools/compiler/bin/../lib/gcc/arm-none-eabi/5.4.1/../../../../arm-none-eabi/lib/armv7e-m/fpu/libm.a(lib_a-e_atan2.o)
                0x08008158                __ieee754_atan2
 .text.__ieee754_sqrt
                0x08008344      0x1a0 /home/n52/en.stm32cubemx（V4.19.0）/systemworkbench/plugins/fr.ac6.mcu.externaltools.arm-none.linux64_1.13.1.201703061524/tools/compiler/bin/../lib/gcc/arm-none-eabi/5.4.1/../../../../arm-none-eabi/lib/armv7e-m/fpu/libm.a(lib_a-e_sqrt.o)
                0x08008344                __ieee754_sqrt
 .text.__ieee754_rem_pio2f
                0x080084e4      0x298 /home/n52/en.stm32cubemx（V4.19.0）/systemworkbench/plugins/fr.ac6.mcu.externaltools.arm-none.linux64_1.13.1.201703061524/tools/compiler/bin/../lib/gcc/arm-none-eabi/5.4.1/../../../../arm-none-eabi/lib/armv7e-m/fpu/libm.a(lib_a-ef_rem_pio2.o)
                0x080084e4                __ieee754_rem_pio2f
 .text.__ieee754_sqrtf
                0x0800877c       0xa4 /home/n52/en.stm32cubemx（V4.19.0）/systemworkbench/plugins/fr.ac6.mcu.externaltools.arm-none.linux64_1.13.1.201703061524/tools/compiler/bin/../lib/gcc/arm-none-eabi/5.4.1/../../../../arm-none-eabi/lib/armv7e-m/fpu/libm.a(lib_a-ef_sqrt.o)
                0x0800877c                __ieee754_sqrtf
 .text.__kernel_cosf
                0x08008820      0x104 /home/n52/en.stm32cubemx（V4.19.0）/systemworkbench/plugins/fr.ac6.mcu.externaltools.arm-none.linux64_1.13.1.201703061524/tools/compiler/bin/../lib/gcc/arm-none-eabi/5.4.1/../../../../arm-none-eabi/lib/armv7e-m/fpu/libm.a(lib_a-kf_cos.o)
                0x08008820                __kernel_cosf
 .text.__kernel_rem_pio2f
                0x08008924      0x630 /home/n52/en.stm32cubemx（V4.19.0）/systemworkbench/plugins/fr.ac6.mcu.externaltools.arm-none.linux64_1.13.1.201703061524/tools/compiler/bin/../lib/gcc/arm-none-eabi/5.4.1/../../../../arm-none-eabi/lib/armv7e-m/fpu/libm.a(lib_a-kf_rem_pio2.o)
                0x08008924                __kernel_rem_pio2f
 .text.__kernel_sinf
                0x08008f54       0x90 /home/n52/en.stm32cubemx（V4.19.0）/systemworkbench/plugins/fr.ac6.mcu.externaltools.arm-none.linux64_1.13.1.201703061524/tools/compiler/bin/../lib/gcc/arm-none-eabi/5.4.1/../../../../arm-none-eabi/lib/armv7e-m/fpu/libm.a(lib_a-kf_sin.o)
                0x08008f54                __kernel_sinf
 *fill*         0x08008fe4        0x4 
 .text.atan     0x08008fe8      0x378 /home/n52/en.stm32cubemx（V4.19.0）/systemworkbench/plugins/fr.ac6.mcu.externaltools.arm-none.linux64_1.13.1.201703061524/tools/compiler/bin/../lib/gcc/arm-none-eabi/5.4.1/../../../../arm-none-eabi/lib/armv7e-m/fpu/libm.a(lib_a-s_atan.o)
                0x08008fe8                atan
 .text.fabs     0x08009360       0x10 /home/n52/en.stm32cubemx（V4.19.0）/systemworkbench/plugins/fr.ac6.mcu.externaltools.arm-none.linux64_1.13.1.201703061524/tools/compiler/bin/../lib/gcc/arm-none-eabi/5.4.1/../../../../arm-none-eabi/lib/armv7e-m/fpu/libm.a(lib_a-s_fabs.o)
                0x08009360                fabs
 .text.matherr  0x08009370        0x4 /home/n52/en.stm32cubemx（V4.19.0）/systemworkbench/plugins/fr.ac6.mcu.externaltools.arm-none.linux64_1.13.1.201703061524/tools/compiler/bin/../lib/gcc/arm-none-eabi/5.4.1/../../../../arm-none-eabi/lib/armv7e-m/fpu/libm.a(lib_a-s_matherr.o)
                0x08009370                matherr
 *fill*         0x08009374        0x4 
 .text.nan      0x08009378       0x10 /home/n52/en.stm32cubemx（V4.19.0）/systemworkbench/plugins/fr.ac6.mcu.externaltools.arm-none.linux64_1.13.1.201703061524/tools/compiler/bin/../lib/gcc/arm-none-eabi/5.4.1/../../../../arm-none-eabi/lib/armv7e-m/fpu/libm.a(lib_a-s_nan.o)
                0x08009378                nan
 .text.fabsf    0x08009388       0x10 /home/n52/en.stm32cubemx（V4.19.0）/systemworkbench/plugins/fr.ac6.mcu.externaltools.arm-none.linux64_1.13.1.201703061524/tools/compiler/bin/../lib/gcc/arm-none-eabi/5.4.1/../../../../arm-none-eabi/lib/armv7e-m/fpu/libm.a(lib_a-sf_fabs.o)
                0x08009388                fabsf
 .text.floorf   0x08009398       0x90 /home/n52/en.stm32cubemx（V4.19.0）/systemworkbench/plugins/fr.ac6.mcu.externaltools.arm-none.linux64_1.13.1.201703061524/tools/compiler/bin/../lib/gcc/arm-none-eabi/5.4.1/../../../../arm-none-eabi/lib/armv7e-m/fpu/libm.a(lib_a-sf_floor.o)
                0x08009398                floorf
 .text.scalbnf  0x08009428       0xd0 /home/n52/en.stm32cubemx（V4.19.0）/systemworkbench/plugins/fr.ac6.mcu.externaltools.arm-none.linux64_1.13.1.201703061524/tools/compiler/bin/../lib/gcc/arm-none-eabi/5.4.1/../../../../arm-none-eabi/lib/armv7e-m/fpu/libm.a(lib_a-sf_scalbn.o)
                0x08009428                scalbnf
 .text.copysignf
                0x080094f8       0x18 /home/n52/en.stm32cubemx（V4.19.0）/systemworkbench/plugins/fr.ac6.mcu.externaltools.arm-none.linux64_1.13.1.201703061524/tools/compiler/bin/../lib/gcc/arm-none-eabi/5.4.1/../../../../arm-none-eabi/lib/armv7e-m/fpu/libm.a(lib_a-sf_copysign.o)
                0x080094f8                copysignf
 *(.glue_7)
 .glue_7        0x08009510        0x0 linker stubs
 *(.glue_7t)
 .glue_7t       0x08009510        0x0 linker stubs
 *(.eh_frame)
 .eh_frame      0x08009510        0x0 /home/n52/en.stm32cubemx（V4.19.0）/systemworkbench/plugins/fr.ac6.mcu.externaltools.arm-none.linux64_1.13.1.201703061524/tools/compiler/bin/../lib/gcc/arm-none-eabi/5.4.1/armv7e-m/fpu/crtbegin.o
 *(.init)
 .init          0x08009510        0x4 /home/n52/en.stm32cubemx（V4.19.0）/systemworkbench/plugins/fr.ac6.mcu.externaltools.arm-none.linux64_1.13.1.201703061524/tools/compiler/bin/../lib/gcc/arm-none-eabi/5.4.1/armv7e-m/fpu/crti.o
                0x08009510                _init
 .init          0x08009514        0x8 /home/n52/en.stm32cubemx（V4.19.0）/systemworkbench/plugins/fr.ac6.mcu.externaltools.arm-none.linux64_1.13.1.201703061524/tools/compiler/bin/../lib/gcc/arm-none-eabi/5.4.1/armv7e-m/fpu/crtn.o
 *(.fini)
 .fini          0x0800951c        0x4 /home/n52/en.stm32cubemx（V4.19.0）/systemworkbench/plugins/fr.ac6.mcu.externaltools.arm-none.linux64_1.13.1.201703061524/tools/compiler/bin/../lib/gcc/arm-none-eabi/5.4.1/armv7e-m/fpu/crti.o
                0x0800951c                _fini
 .fini          0x08009520        0x8 /home/n52/en.stm32cubemx（V4.19.0）/systemworkbench/plugins/fr.ac6.mcu.externaltools.arm-none.linux64_1.13.1.201703061524/tools/compiler/bin/../lib/gcc/arm-none-eabi/5.4.1/armv7e-m/fpu/crtn.o
                0x08009528                . = ALIGN (0x4)
                0x08009528                _etext = .

.vfp11_veneer   0x08009528        0x0
 .vfp11_veneer  0x08009528        0x0 linker stubs

.v4_bx          0x08009528        0x0
 .v4_bx         0x08009528        0x0 linker stubs

.iplt           0x08009528        0x0
 .iplt          0x08009528        0x0 /home/n52/en.stm32cubemx（V4.19.0）/systemworkbench/plugins/fr.ac6.mcu.externaltools.arm-none.linux64_1.13.1.201703061524/tools/compiler/bin/../lib/gcc/arm-none-eabi/5.4.1/armv7e-m/fpu/crtbegin.o

.rodata         0x08009528      0xf30
                0x08009528                . = ALIGN (0x4)
 *(.rodata)
 .rodata        0x08009528       0x10 Drivers/STM32F4xx_HAL_Driver/Src/stm32f4xx_hal_rcc.o
                0x08009528                APBAHBPrescTable
 .rodata        0x08009538       0x50 Src/freertos.o
 .rodata        0x08009588       0x47 Src/led.o
 *fill*         0x080095cf        0x1 
 .rodata        0x080095d0      0x5b4 Src/main.o
 .rodata        0x08009b84        0xc Src/tim.o
 *(.rodata*)
 .rodata.str1.1
                0x08009b90        0x5 Middlewares/Third_Party/FreeRTOS/Source/tasks.o
 .rodata.str1.1
                0x08009b95       0x28 Src/freertos.o
 .rodata.str1.1
                0x08009bbd       0xe4 Src/led.o
 .rodata.str1.1
                0x08009ca1       0x3b Src/main.o
 .rodata.str1.1
                0x08009cdc       0x8a Src/tim.o
 *fill*         0x08009d66        0x2 
 .rodata._global_impure_ptr
                0x08009d68        0x4 /home/n52/en.stm32cubemx（V4.19.0）/systemworkbench/plugins/fr.ac6.mcu.externaltools.arm-none.linux64_1.13.1.201703061524/tools/compiler/bin/../lib/gcc/arm-none-eabi/5.4.1/../../../../arm-none-eabi/lib/armv7e-m/fpu/libc_nano.a(lib_a-impure.o)
                0x08009d68                _global_impure_ptr
 .rodata.str1.1
                0x08009d6c       0x12 /home/n52/en.stm32cubemx（V4.19.0）/systemworkbench/plugins/fr.ac6.mcu.externaltools.arm-none.linux64_1.13.1.201703061524/tools/compiler/bin/../lib/gcc/arm-none-eabi/5.4.1/../../../../arm-none-eabi/lib/armv7e-m/fpu/libc_nano.a(lib_a-nano-vfprintf_float.o)
 .rodata.str1.1
                0x08009d7e       0x22 /home/n52/en.stm32cubemx（V4.19.0）/systemworkbench/plugins/fr.ac6.mcu.externaltools.arm-none.linux64_1.13.1.201703061524/tools/compiler/bin/../lib/gcc/arm-none-eabi/5.4.1/../../../../arm-none-eabi/lib/armv7e-m/fpu/libc_nano.a(lib_a-nano-vfprintf_i.o)
 .rodata.str1.1
                0x08009da0        0xd /home/n52/en.stm32cubemx（V4.19.0）/systemworkbench/plugins/fr.ac6.mcu.externaltools.arm-none.linux64_1.13.1.201703061524/tools/compiler/bin/../lib/gcc/arm-none-eabi/5.4.1/../../../../arm-none-eabi/lib/armv7e-m/fpu/libc_nano.a(lib_a-dtoa.o)
                                  0xf (size before relaxing)
 *fill*         0x08009dad        0x3 
 .rodata.__sf_fake_stdin
                0x08009db0       0x20 /home/n52/en.stm32cubemx（V4.19.0）/systemworkbench/plugins/fr.ac6.mcu.externaltools.arm-none.linux64_1.13.1.201703061524/tools/compiler/bin/../lib/gcc/arm-none-eabi/5.4.1/../../../../arm-none-eabi/lib/armv7e-m/fpu/libc_nano.a(lib_a-findfp.o)
                0x08009db0                __sf_fake_stdin
 .rodata.__sf_fake_stdout
                0x08009dd0       0x20 /home/n52/en.stm32cubemx（V4.19.0）/systemworkbench/plugins/fr.ac6.mcu.externaltools.arm-none.linux64_1.13.1.201703061524/tools/compiler/bin/../lib/gcc/arm-none-eabi/5.4.1/../../../../arm-none-eabi/lib/armv7e-m/fpu/libc_nano.a(lib_a-findfp.o)
                0x08009dd0                __sf_fake_stdout
 .rodata.__sf_fake_stderr
                0x08009df0       0x20 /home/n52/en.stm32cubemx（V4.19.0）/systemworkbench/plugins/fr.ac6.mcu.externaltools.arm-none.linux64_1.13.1.201703061524/tools/compiler/bin/../lib/gcc/arm-none-eabi/5.4.1/../../../../arm-none-eabi/lib/armv7e-m/fpu/libc_nano.a(lib_a-findfp.o)
                0x08009df0                __sf_fake_stderr
 .rodata.__mprec_tens
                0x08009e10       0xc8 /home/n52/en.stm32cubemx（V4.19.0）/systemworkbench/plugins/fr.ac6.mcu.externaltools.arm-none.linux64_1.13.1.201703061524/tools/compiler/bin/../lib/gcc/arm-none-eabi/5.4.1/../../../../arm-none-eabi/lib/armv7e-m/fpu/libc_nano.a(lib_a-mprec.o)
                0x08009e10                __mprec_tens
 .rodata.__mprec_bigtens
                0x08009ed8       0x28 /home/n52/en.stm32cubemx（V4.19.0）/systemworkbench/plugins/fr.ac6.mcu.externaltools.arm-none.linux64_1.13.1.201703061524/tools/compiler/bin/../lib/gcc/arm-none-eabi/5.4.1/../../../../arm-none-eabi/lib/armv7e-m/fpu/libc_nano.a(lib_a-mprec.o)
                0x08009ed8                __mprec_bigtens
 .rodata.p05.6099
                0x08009f00        0xc /home/n52/en.stm32cubemx（V4.19.0）/systemworkbench/plugins/fr.ac6.mcu.externaltools.arm-none.linux64_1.13.1.201703061524/tools/compiler/bin/../lib/gcc/arm-none-eabi/5.4.1/../../../../arm-none-eabi/lib/armv7e-m/fpu/libc_nano.a(lib_a-mprec.o)
 .rodata.str1.1
                0x08009f0c       0x11 /home/n52/en.stm32cubemx（V4.19.0）/systemworkbench/plugins/fr.ac6.mcu.externaltools.arm-none.linux64_1.13.1.201703061524/tools/compiler/bin/../lib/gcc/arm-none-eabi/5.4.1/../../../../arm-none-eabi/lib/armv7e-m/fpu/libc_nano.a(lib_a-nano-vfprintf.o)
 .rodata.str1.1
                0x08009f1d        0xa /home/n52/en.stm32cubemx（V4.19.0）/systemworkbench/plugins/fr.ac6.mcu.externaltools.arm-none.linux64_1.13.1.201703061524/tools/compiler/bin/../lib/gcc/arm-none-eabi/5.4.1/../../../../arm-none-eabi/lib/armv7e-m/fpu/libc_nano.a(lib_a-locale.o)
                                  0xb (size before relaxing)
 .rodata._ctype_
                0x08009f27      0x101 /home/n52/en.stm32cubemx（V4.19.0）/systemworkbench/plugins/fr.ac6.mcu.externaltools.arm-none.linux64_1.13.1.201703061524/tools/compiler/bin/../lib/gcc/arm-none-eabi/5.4.1/../../../../arm-none-eabi/lib/armv7e-m/fpu/libc_nano.a(lib_a-ctype_.o)
                0x08009f27                _ctype_
 .rodata.TWO23  0x0800a028        0x8 /home/n52/en.stm32cubemx（V4.19.0）/systemworkbench/plugins/fr.ac6.mcu.externaltools.arm-none.linux64_1.13.1.201703061524/tools/compiler/bin/../lib/gcc/arm-none-eabi/5.4.1/../../../../arm-none-eabi/lib/armv7e-m/fpu/libm.a(lib_a-sf_lrint.o)
 .rodata.str1.4
                0x0800a030        0x5 /home/n52/en.stm32cubemx（V4.19.0）/systemworkbench/plugins/fr.ac6.mcu.externaltools.arm-none.linux64_1.13.1.201703061524/tools/compiler/bin/../lib/gcc/arm-none-eabi/5.4.1/../../../../arm-none-eabi/lib/armv7e-m/fpu/libm.a(lib_a-w_asin.o)
                                  0x9 (size before relaxing)
 *fill*         0x0800a035        0x3 
 .rodata.str1.4
                0x0800a038        0x5 /home/n52/en.stm32cubemx（V4.19.0）/systemworkbench/plugins/fr.ac6.mcu.externaltools.arm-none.linux64_1.13.1.201703061524/tools/compiler/bin/../lib/gcc/arm-none-eabi/5.4.1/../../../../arm-none-eabi/lib/armv7e-m/fpu/libm.a(lib_a-w_sqrt.o)
 *fill*         0x0800a03d        0x3 
 .rodata.str1.4
                0x0800a040        0x8 /home/n52/en.stm32cubemx（V4.19.0）/systemworkbench/plugins/fr.ac6.mcu.externaltools.arm-none.linux64_1.13.1.201703061524/tools/compiler/bin/../lib/gcc/arm-none-eabi/5.4.1/../../../../arm-none-eabi/lib/armv7e-m/fpu/libm.a(lib_a-wf_sqrt.o)
                                  0x6 (size before relaxing)
 .rodata.npio2_hw
                0x0800a048       0x80 /home/n52/en.stm32cubemx（V4.19.0）/systemworkbench/plugins/fr.ac6.mcu.externaltools.arm-none.linux64_1.13.1.201703061524/tools/compiler/bin/../lib/gcc/arm-none-eabi/5.4.1/../../../../arm-none-eabi/lib/armv7e-m/fpu/libm.a(lib_a-ef_rem_pio2.o)
 .rodata.two_over_pi
                0x0800a0c8      0x318 /home/n52/en.stm32cubemx（V4.19.0）/systemworkbench/plugins/fr.ac6.mcu.externaltools.arm-none.linux64_1.13.1.201703061524/tools/compiler/bin/../lib/gcc/arm-none-eabi/5.4.1/../../../../arm-none-eabi/lib/armv7e-m/fpu/libm.a(lib_a-ef_rem_pio2.o)
 .rodata.init_jk
                0x0800a3e0        0xc /home/n52/en.stm32cubemx（V4.19.0）/systemworkbench/plugins/fr.ac6.mcu.externaltools.arm-none.linux64_1.13.1.201703061524/tools/compiler/bin/../lib/gcc/arm-none-eabi/5.4.1/../../../../arm-none-eabi/lib/armv7e-m/fpu/libm.a(lib_a-kf_rem_pio2.o)
 .rodata.PIo2   0x0800a3ec       0x2c /home/n52/en.stm32cubemx（V4.19.0）/systemworkbench/plugins/fr.ac6.mcu.externaltools.arm-none.linux64_1.13.1.201703061524/tools/compiler/bin/../lib/gcc/arm-none-eabi/5.4.1/../../../../arm-none-eabi/lib/armv7e-m/fpu/libm.a(lib_a-kf_rem_pio2.o)
 .rodata.atanlo
                0x0800a418       0x20 /home/n52/en.stm32cubemx（V4.19.0）/systemworkbench/plugins/fr.ac6.mcu.externaltools.arm-none.linux64_1.13.1.201703061524/tools/compiler/bin/../lib/gcc/arm-none-eabi/5.4.1/../../../../arm-none-eabi/lib/armv7e-m/fpu/libm.a(lib_a-s_atan.o)
 .rodata.atanhi
                0x0800a438       0x20 /home/n52/en.stm32cubemx（V4.19.0）/systemworkbench/plugins/fr.ac6.mcu.externaltools.arm-none.linux64_1.13.1.201703061524/tools/compiler/bin/../lib/gcc/arm-none-eabi/5.4.1/../../../../arm-none-eabi/lib/armv7e-m/fpu/libm.a(lib_a-s_atan.o)
                0x0800a458                . = ALIGN (0x4)

.rel.dyn        0x0800a458        0x0
 .rel.iplt      0x0800a458        0x0 /home/n52/en.stm32cubemx（V4.19.0）/systemworkbench/plugins/fr.ac6.mcu.externaltools.arm-none.linux64_1.13.1.201703061524/tools/compiler/bin/../lib/gcc/arm-none-eabi/5.4.1/armv7e-m/fpu/crtbegin.o

.ARM.extab
 *(.ARM.extab* .gnu.linkonce.armextab.*)

.ARM            0x0800a458        0x0
                0x0800a458                __exidx_start = .
 *(.ARM.exidx*)
                0x0800a458                __exidx_end = .

.preinit_array  0x0800a458        0x0
                0x0800a458                PROVIDE (__preinit_array_start, .)
 *(.preinit_array*)
                0x0800a458                PROVIDE (__preinit_array_end, .)

.init_array     0x0800a458        0x4
                0x0800a458                PROVIDE (__init_array_start, .)
 *(SORT(.init_array.*))
 *(.init_array*)
 .init_array    0x0800a458        0x4 /home/n52/en.stm32cubemx（V4.19.0）/systemworkbench/plugins/fr.ac6.mcu.externaltools.arm-none.linux64_1.13.1.201703061524/tools/compiler/bin/../lib/gcc/arm-none-eabi/5.4.1/armv7e-m/fpu/crtbegin.o
                0x0800a45c                PROVIDE (__init_array_end, .)

.fini_array     0x0800a45c        0x4
                [!provide]                PROVIDE (__fini_array_start, .)
 *(SORT(.fini_array.*))
 *(.fini_array*)
 .fini_array    0x0800a45c        0x4 /home/n52/en.stm32cubemx（V4.19.0）/systemworkbench/plugins/fr.ac6.mcu.externaltools.arm-none.linux64_1.13.1.201703061524/tools/compiler/bin/../lib/gcc/arm-none-eabi/5.4.1/armv7e-m/fpu/crtbegin.o
                [!provide]                PROVIDE (__fini_array_end, .)
                0x0800a460                _sidata = LOADADDR (.data)

.data           0x20000000      0x418 load address 0x0800a460
                0x20000000                . = ALIGN (0x4)
                0x20000000                _sdata = .
 *(.data)
 .data          0x20000000        0x4 Middlewares/Third_Party/FreeRTOS/Source/portable/GCC/ARM_CM4F/port.o
 .data          0x20000004        0x2 Src/led.o
 *fill*         0x20000006        0x2 
 .data          0x20000008      0x234 Src/main.o
 .data          0x2000023c        0x2 Src/mpu6500.o
                0x2000023c                acc_1G
 *fill*         0x2000023e        0x2 
 .data          0x20000240        0x4 Src/system_stm32f4xx.o
                0x20000240                SystemCoreClock
 *(.data*)
 .data.impure_data
                0x20000244       0x60 /home/n52/en.stm32cubemx（V4.19.0）/systemworkbench/plugins/fr.ac6.mcu.externaltools.arm-none.linux64_1.13.1.201703061524/tools/compiler/bin/../lib/gcc/arm-none-eabi/5.4.1/../../../../arm-none-eabi/lib/armv7e-m/fpu/libc_nano.a(lib_a-impure.o)
 .data._impure_ptr
                0x200002a4        0x4 /home/n52/en.stm32cubemx（V4.19.0）/systemworkbench/plugins/fr.ac6.mcu.externaltools.arm-none.linux64_1.13.1.201703061524/tools/compiler/bin/../lib/gcc/arm-none-eabi/5.4.1/../../../../arm-none-eabi/lib/armv7e-m/fpu/libc_nano.a(lib_a-impure.o)
                0x200002a4                _impure_ptr
 .data.__global_locale
                0x200002a8      0x16c /home/n52/en.stm32cubemx（V4.19.0）/systemworkbench/plugins/fr.ac6.mcu.externaltools.arm-none.linux64_1.13.1.201703061524/tools/compiler/bin/../lib/gcc/arm-none-eabi/5.4.1/../../../../arm-none-eabi/lib/armv7e-m/fpu/libc_nano.a(lib_a-locale.o)
                0x200002a8                __global_locale
 .data.__fdlib_version
                0x20000414        0x1 /home/n52/en.stm32cubemx（V4.19.0）/systemworkbench/plugins/fr.ac6.mcu.externaltools.arm-none.linux64_1.13.1.201703061524/tools/compiler/bin/../lib/gcc/arm-none-eabi/5.4.1/../../../../arm-none-eabi/lib/armv7e-m/fpu/libm.a(lib_a-s_lib_ver.o)
                0x20000414                __fdlib_version
                0x20000418                . = ALIGN (0x4)
 *fill*         0x20000415        0x3 
                0x20000418                _edata = .
                0x0800a878                _siccmram = LOADADDR (.ccmram)

.jcr            0x20000418        0x0 load address 0x0800a878
 .jcr           0x20000418        0x0 /home/n52/en.stm32cubemx（V4.19.0）/systemworkbench/plugins/fr.ac6.mcu.externaltools.arm-none.linux64_1.13.1.201703061524/tools/compiler/bin/../lib/gcc/arm-none-eabi/5.4.1/armv7e-m/fpu/crtbegin.o

.igot.plt       0x20000418        0x0 load address 0x0800a878
 .igot.plt      0x20000418        0x0 /home/n52/en.stm32cubemx（V4.19.0）/systemworkbench/plugins/fr.ac6.mcu.externaltools.arm-none.linux64_1.13.1.201703061524/tools/compiler/bin/../lib/gcc/arm-none-eabi/5.4.1/armv7e-m/fpu/crtbegin.o

.ccmram         0x10000000        0x0 load address 0x0800a878
                0x10000000                . = ALIGN (0x4)
                0x10000000                _sccmram = .
 *(.ccmram)
 *(.ccmram*)
                0x10000000                . = ALIGN (0x4)
                0x10000000                _eccmram = .
                0x10000000                . = ALIGN (0x4)

.bss            0x20000418     0x52f4
                0x20000418                _sbss = .
                0x20000418                __bss_start__ = _sbss
 *(.bss)
 .bss           0x20000418       0x1c /home/n52/en.stm32cubemx（V4.19.0）/systemworkbench/plugins/fr.ac6.mcu.externaltools.arm-none.linux64_1.13.1.201703061524/tools/compiler/bin/../lib/gcc/arm-none-eabi/5.4.1/armv7e-m/fpu/crtbegin.o
 .bss           0x20000434      0x128 Middlewares/Third_Party/FreeRTOS/Source/tasks.o
                0x2000043c                pxCurrentTCB
 .bss           0x2000055c        0x8 Middlewares/Third_Party/FreeRTOS/Source/portable/GCC/ARM_CM4F/port.o
 .bss           0x20000564     0x3c18 Middlewares/Third_Party/FreeRTOS/Source/portable/MemMang/heap_4.o
 .bss           0x2000417c      0x138 Src/AHRS_states.o
                0x2000417c                gStateData
                0x20004270                gSensorData
 .bss           0x200042b4        0x4 Src/delay.o
 .bss           0x200042b8       0x13 Src/led.o
                0x200042b8                led_flash_table_ptr
                0x200042bc                led_flash_table_size
                0x200042c0                led_table_ptr
                0x200042c4                led_table_size
 *fill*         0x200042cb        0x1 
 .bss           0x200042cc      0x13a Src/mpu6500.o
                0x200042cc                MPU6500_Gyro
                0x200042d2                MPU6500_Gyro_Offset
                0x200042d8                MPU6500_Acc
                0x200042de                mpu6500_fifo_index
                0x20004338                mpu6500_gyro
                0x2000433e                mpu6500_gyro_offset
                0x200043e8                mpu6500_acc
                0x200043ee                mpu6500_acc_offset
                0x200043f4                mpu6500_tempreature_temp
                0x200043f8                mpu6500_tempreature
                0x200043fc                mpu6500_tempreature_Offset
                0x200043fe                MPU6500_Acc_Offset
                0x20004404                yaw_drift_flag
                0x20004405                offset_flag
 *fill*         0x20004406        0x2 
 .bss           0x20004408        0x4 Src/syscalls.o
 .bss           0x2000440c       0x3c Src/utask.o
                0x2000440c                g_status
                0x20004410                fast_table_ptr
                0x20004414                fast_table_size
                0x20004418                slow_table_ptr
                0x2000441c                slow_table_size
                0x20004420                super_table_ptr
                0x20004424                super_table_size
                0x20004434                g_real
 *(.bss*)
 .bss.__malloc_sbrk_start
                0x20004448        0x4 /home/n52/en.stm32cubemx（V4.19.0）/systemworkbench/plugins/fr.ac6.mcu.externaltools.arm-none.linux64_1.13.1.201703061524/tools/compiler/bin/../lib/gcc/arm-none-eabi/5.4.1/../../../../arm-none-eabi/lib/armv7e-m/fpu/libc_nano.a(lib_a-nano-mallocr.o)
                0x20004448                __malloc_sbrk_start
 .bss.__malloc_free_list
                0x2000444c        0x4 /home/n52/en.stm32cubemx（V4.19.0）/systemworkbench/plugins/fr.ac6.mcu.externaltools.arm-none.linux64_1.13.1.201703061524/tools/compiler/bin/../lib/gcc/arm-none-eabi/5.4.1/../../../../arm-none-eabi/lib/armv7e-m/fpu/libc_nano.a(lib_a-nano-mallocr.o)
                0x2000444c                __malloc_free_list
 *(COMMON)
 COMMON         0x20004450        0x4 Drivers/STM32F4xx_HAL_Driver/Src/stm32f4xx_hal.o
                0x20004450                uwTick
 COMMON         0x20004454       0x10 Src/freertos.o
                0x20004454                defaultTaskHandle
                0x20004458                slowTaskHandle
                0x2000445c                superTaskHandle
                0x20004460                fastTaskHandle
 COMMON         0x20004464       0x9e Src/mpu6500.o
                0x20004464                mpu6500_buf
                0x20004472                mpu6500_gyro_ADC
                0x20004478                mpu6500_acc_ADC
                0x2000447e                mpu6500_FIFO
 *fill*         0x20004502        0x2 
 COMMON         0x20004504       0xb0 Src/spi.o
                0x20004504                SPI1_Handler
                0x2000455c                hspi1
 COMMON         0x200045b4       0x94 Src/tim.o
                0x200045b4                htim3
                0x200045f0                TIM3_Handler
                0x2000462c                TIM3_CH4Handler
 COMMON         0x20004648     0x10c0 Src/usart.o
                0x20004648                huart3
                0x20004688                u1_rx_buf
                0x20004a88                huart1
                0x20004ac8                u6_rx_buf
                0x20004ec8                tx_buf
                0x200052c8                huart6
                0x20005308                u3_rx_buf
 COMMON         0x20005708        0x4 /home/n52/en.stm32cubemx（V4.19.0）/systemworkbench/plugins/fr.ac6.mcu.externaltools.arm-none.linux64_1.13.1.201703061524/tools/compiler/bin/../lib/gcc/arm-none-eabi/5.4.1/../../../../arm-none-eabi/lib/armv7e-m/fpu/libc_nano.a(lib_a-reent.o)
                0x20005708                errno
                0x2000570c                . = ALIGN (0x4)
                0x2000570c                _ebss = .
                0x2000570c                __bss_end__ = _ebss

._user_heap_stack
                0x2000570c      0x604
                0x20005710                . = ALIGN (0x8)
 *fill*         0x2000570c        0x4 
                0x20005710                PROVIDE (end, .)
                [!provide]                PROVIDE (_end, .)
                0x20005910                . = (. + _Min_Heap_Size)
 *fill*         0x20005710      0x200 
                0x20005d10                . = (. + _Min_Stack_Size)
 *fill*         0x20005910      0x400 
                0x20005d10                . = ALIGN (0x8)

/DISCARD/
 libc.a(*)
 libm.a(*)
 libgcc.a(*)

.ARM.attributes
                0x00000000       0x30
 *(.ARM.attributes)
 .ARM.attributes
                0x00000000       0x22 /home/n52/en.stm32cubemx（V4.19.0）/systemworkbench/plugins/fr.ac6.mcu.externaltools.arm-none.linux64_1.13.1.201703061524/tools/compiler/bin/../lib/gcc/arm-none-eabi/5.4.1/armv7e-m/fpu/crti.o
 .ARM.attributes
                0x00000022       0x34 /home/n52/en.stm32cubemx（V4.19.0）/systemworkbench/plugins/fr.ac6.mcu.externaltools.arm-none.linux64_1.13.1.201703061524/tools/compiler/bin/../lib/gcc/arm-none-eabi/5.4.1/armv7e-m/fpu/crtbegin.o
 .ARM.attributes
                0x00000056       0x39 Drivers/STM32F4xx_HAL_Driver/Src/stm32f4xx_hal.o
 .ARM.attributes
                0x0000008f       0x39 Drivers/STM32F4xx_HAL_Driver/Src/stm32f4xx_hal_cortex.o
 .ARM.attributes
                0x000000c8       0x39 Drivers/STM32F4xx_HAL_Driver/Src/stm32f4xx_hal_dma.o
 .ARM.attributes
                0x00000101       0x39 Drivers/STM32F4xx_HAL_Driver/Src/stm32f4xx_hal_gpio.o
 .ARM.attributes
                0x0000013a       0x39 Drivers/STM32F4xx_HAL_Driver/Src/stm32f4xx_hal_rcc.o
 .ARM.attributes
                0x00000173       0x39 Drivers/STM32F4xx_HAL_Driver/Src/stm32f4xx_hal_spi.o
 .ARM.attributes
                0x000001ac       0x39 Drivers/STM32F4xx_HAL_Driver/Src/stm32f4xx_hal_tim.o
 .ARM.attributes
                0x000001e5       0x39 Drivers/STM32F4xx_HAL_Driver/Src/stm32f4xx_hal_tim_ex.o
 .ARM.attributes
                0x0000021e       0x39 Drivers/STM32F4xx_HAL_Driver/Src/stm32f4xx_hal_uart.o
 .ARM.attributes
                0x00000257       0x39 Middlewares/Third_Party/FreeRTOS/Source/CMSIS_RTOS/cmsis_os.o
 .ARM.attributes
                0x00000290       0x39 Middlewares/Third_Party/FreeRTOS/Source/list.o
 .ARM.attributes
                0x000002c9       0x39 Middlewares/Third_Party/FreeRTOS/Source/tasks.o
 .ARM.attributes
                0x00000302       0x39 Middlewares/Third_Party/FreeRTOS/Source/portable/GCC/ARM_CM4F/port.o
 .ARM.attributes
                0x0000033b       0x39 Middlewares/Third_Party/FreeRTOS/Source/portable/MemMang/heap_4.o
 .ARM.attributes
                0x00000374       0x39 Src/AHRS_matrix.o
 .ARM.attributes
                0x000003ad       0x39 Src/AHRS_quat.o
 .ARM.attributes
                0x000003e6       0x39 Src/AHRS_states.o
 .ARM.attributes
                0x0000041f       0x39 Src/IMU.o
 .ARM.attributes